260159	ID:45	Rime started with address 45.0
261581	ID:43	Rime started with address 43.0
269744	ID:45	MAC 2d:00:00:00:00:00:00:00 Contiki-3.x-3345-g32b5b17f6 started. Node id is set to 45.
271165	ID:43	MAC 2b:00:00:00:00:00:00:00 Contiki-3.x-3345-g32b5b17f6 started. Node id is set to 43.
275711	ID:45	nullsec CSMA nd-rdc, channel check rate 128 Hz, radio channel 26
277133	ID:43	nullsec CSMA nd-rdc, channel check rate 128 Hz, radio channel 26
277981	ID:45	Starting 'Application process'
278945	ID:45	Node ID: 45
279399	ID:43	Starting 'Application process'
280363	ID:43	Node ID: 43
280783	ID:45	RTIMER_SECOND: 32768
282201	ID:43	RTIMER_SECOND: 32768
327949	ID:14	Rime started with address 14.0
330710	ID:39	Rime started with address 39.0
337445	ID:14	MAC 0e:00:00:00:00:00:00:00 Contiki-3.x-3345-g32b5b17f6 started. Node id is set to 14.
340294	ID:39	MAC 27:00:00:00:00:00:00:00 Contiki-3.x-3345-g32b5b17f6 started. Node id is set to 39.
343413	ID:14	nullsec CSMA nd-rdc, channel check rate 128 Hz, radio channel 26
345667	ID:14	Starting 'Application process'
346262	ID:39	nullsec CSMA nd-rdc, channel check rate 128 Hz, radio channel 26
346668	ID:14	Node ID: 14
348506	ID:14	RTIMER_SECOND: 32768
348532	ID:39	Starting 'Application process'
349497	ID:39	Node ID: 39
351334	ID:39	RTIMER_SECOND: 32768
399086	ID:3	Rime started with address 3.0
405972	ID:25	Rime started with address 25.0
408425	ID:3	MAC 03:00:00:00:00:00:00:00 Contiki-3.x-3345-g32b5b17f6 started. Node id is set to 3.
412934	ID:32	Rime started with address 32.0
414363	ID:3	nullsec CSMA nd-rdc, channel check rate 128 Hz, radio channel 26
415555	ID:25	MAC 19:00:00:00:00:00:00:00 Contiki-3.x-3345-g32b5b17f6 started. Node id is set to 25.
416618	ID:3	Starting 'Application process'
417436	ID:3	Node ID: 3
419272	ID:3	RTIMER_SECOND: 32768
421522	ID:25	nullsec CSMA nd-rdc, channel check rate 128 Hz, radio channel 26
421896	ID:3	App: Epoch 1 New NBR 43
422516	ID:32	MAC 20:00:00:00:00:00:00:00 Contiki-3.x-3345-g32b5b17f6 started. Node id is set to 32.
423793	ID:25	Starting 'Application process'
424757	ID:25	Node ID: 25
426595	ID:25	RTIMER_SECOND: 32768
428527	ID:32	nullsec CSMA nd-rdc, channel check rate 128 Hz, radio channel 26
429219	ID:25	App: Epoch 1 New NBR 43
430784	ID:32	Starting 'Application process'
431396	ID:25	App: Epoch 1 New NBR 43
431748	ID:32	Node ID: 32
433586	ID:32	RTIMER_SECOND: 32768
436158	ID:32	App: Epoch 1 New NBR 43
463668	ID:40	Rime started with address 40.0
464555	ID:16	Rime started with address 16.0
473249	ID:40	MAC 28:00:00:00:00:00:00:00 Contiki-3.x-3345-g32b5b17f6 started. Node id is set to 40.
474138	ID:16	MAC 10:00:00:00:00:00:00:00 Contiki-3.x-3345-g32b5b17f6 started. Node id is set to 16.
479260	ID:40	nullsec CSMA nd-rdc, channel check rate 128 Hz, radio channel 26
480106	ID:16	nullsec CSMA nd-rdc, channel check rate 128 Hz, radio channel 26
481516	ID:40	Starting 'Application process'
482361	ID:16	Starting 'Application process'
482480	ID:40	Node ID: 40
483325	ID:16	Node ID: 16
483864	ID:43	App: Epoch 1 New NBR 3
484317	ID:40	RTIMER_SECOND: 32768
485163	ID:16	RTIMER_SECOND: 32768
485847	ID:43	App: Epoch 1 New NBR 3
486791	ID:40	App: Epoch 1 New NBR 3
487637	ID:16	App: Epoch 1 New NBR 3
488898	ID:40	App: Epoch 1 New NBR 3
489744	ID:16	App: Epoch 1 New NBR 3
489883	ID:43	App: Epoch 1 New NBR 3
491024	ID:40	App: Epoch 1 New NBR 3
491870	ID:16	App: Epoch 1 New NBR 3
493501	ID:40	App: Epoch 1 New NBR 43
494347	ID:16	App: Epoch 1 New NBR 43
496719	ID:43	App: Epoch 1 New NBR 3
568887	ID:3	App: Epoch 1 New NBR 16
574582	ID:3	App: Epoch 1 New NBR 16
587613	ID:38	Rime started with address 38.0
597197	ID:38	MAC 26:00:00:00:00:00:00:00 Contiki-3.x-3345-g32b5b17f6 started. Node id is set to 38.
603209	ID:38	nullsec CSMA nd-rdc, channel check rate 128 Hz, radio channel 26
605463	ID:38	Starting 'Application process'
606427	ID:38	Node ID: 38
608265	ID:38	RTIMER_SECOND: 32768
610838	ID:38	App: Epoch 1 New NBR 16
615282	ID:43	App: Epoch 1 New NBR 16
617637	ID:12	Rime started with address 12.0
620510	ID:43	App: Epoch 1 New NBR 16
622982	ID:43	App: Epoch 1 New NBR 16
625029	ID:1	Rime started with address 1.0
626853	ID:43	App: Epoch 1 New NBR 16
627131	ID:12	MAC 0c:00:00:00:00:00:00:00 Contiki-3.x-3345-g32b5b17f6 started. Node id is set to 12.
633098	ID:12	nullsec CSMA nd-rdc, channel check rate 128 Hz, radio channel 26
634372	ID:1	MAC 01:00:00:00:00:00:00:00 Contiki-3.x-3345-g32b5b17f6 started. Node id is set to 1.
635352	ID:12	Starting 'Application process'
636354	ID:12	Node ID: 12
638192	ID:12	RTIMER_SECOND: 32768
640267	ID:1	nullsec CSMA nd-rdc, channel check rate 128 Hz, radio channel 26
640765	ID:12	App: Epoch 1 New NBR 16
642522	ID:1	Starting 'Application process'
643334	ID:1	Node ID: 1
645171	ID:1	RTIMER_SECOND: 32768
647795	ID:1	App: Epoch 1 New NBR 16
649972	ID:1	App: Epoch 1 New NBR 16
698081	ID:3	App: Epoch 1 New NBR 16
704827	ID:3	App: Epoch 1 New NBR 16
723915	ID:20	Rime started with address 20.0
733496	ID:20	MAC 14:00:00:00:00:00:00:00 Contiki-3.x-3345-g32b5b17f6 started. Node id is set to 20.
737472	ID:43	App: Epoch 1 New NBR 14
739464	ID:20	nullsec CSMA nd-rdc, channel check rate 128 Hz, radio channel 26
739576	ID:43	App: Epoch 1 New NBR 16
741719	ID:20	Starting 'Application process'
742684	ID:20	Node ID: 20
743483	ID:43	App: Epoch 1 New NBR 14
744521	ID:20	RTIMER_SECOND: 32768
746938	ID:43	App: Epoch 1 New NBR 16
747146	ID:20	App: Epoch 1 New NBR 14
749166	ID:43	App: Epoch 1 New NBR 14
749375	ID:20	App: Epoch 1 New NBR 16
751416	ID:43	App: Epoch 1 New NBR 16
751569	ID:20	App: Epoch 1 New NBR 14
753521	ID:43	App: Epoch 1 New NBR 16
798429	ID:6	Rime started with address 6.0
807773	ID:6	MAC 06:00:00:00:00:00:00:00 Contiki-3.x-3345-g32b5b17f6 started. Node id is set to 6.
813666	ID:6	nullsec CSMA nd-rdc, channel check rate 128 Hz, radio channel 26
815920	ID:6	Starting 'Application process'
816731	ID:6	Node ID: 6
816916	ID:3	App: Epoch 1 New NBR 14
818567	ID:6	RTIMER_SECOND: 32768
819541	ID:3	App: Epoch 1 New NBR 16
821192	ID:6	App: Epoch 1 New NBR 14
822645	ID:3	App: Epoch 1 New NBR 14
823368	ID:6	App: Epoch 1 New NBR 16
825409	ID:3	App: Epoch 1 New NBR 14
827597	ID:3	App: Epoch 1 New NBR 14
831042	ID:3	App: Epoch 1 New NBR 16
833888	ID:13	Rime started with address 13.0
835840	ID:22	Rime started with address 22.0
843383	ID:13	MAC 0d:00:00:00:00:00:00:00 Contiki-3.x-3345-g32b5b17f6 started. Node id is set to 13.
845423	ID:22	MAC 16:00:00:00:00:00:00:00 Contiki-3.x-3345-g32b5b17f6 started. Node id is set to 22.
849351	ID:13	nullsec CSMA nd-rdc, channel check rate 128 Hz, radio channel 26
851391	ID:22	nullsec CSMA nd-rdc, channel check rate 128 Hz, radio channel 26
851606	ID:13	Starting 'Application process'
852606	ID:13	Node ID: 13
853646	ID:22	Starting 'Application process'
854444	ID:13	RTIMER_SECOND: 32768
854611	ID:22	Node ID: 22
855067	ID:14	App: Epoch 1 New NBR 16
856448	ID:22	RTIMER_SECOND: 32768
857068	ID:13	App: Epoch 1 New NBR 16
859073	ID:22	App: Epoch 1 New NBR 16
859297	ID:13	App: Epoch 1 New NBR 14
861302	ID:22	App: Epoch 1 New NBR 14
861492	ID:13	App: Epoch 1 New NBR 16
861546	ID:43	App: Epoch 1 New NBR 16
861626	ID:14	App: Epoch 1 New NBR 16
863496	ID:22	App: Epoch 1 New NBR 16
863650	ID:43	App: Epoch 1 New NBR 16
863730	ID:14	App: Epoch 1 New NBR 16
871500	ID:14	App: Epoch 1 New NBR 16
899032	ID:17	Rime started with address 17.0
908616	ID:17	MAC 11:00:00:00:00:00:00:00 Contiki-3.x-3345-g32b5b17f6 started. Node id is set to 17.
914584	ID:17	nullsec CSMA nd-rdc, channel check rate 128 Hz, radio channel 26
916882	ID:17	Starting 'Application process'
917845	ID:17	Node ID: 17
919683	ID:17	RTIMER_SECOND: 32768
922256	ID:17	App: Epoch 1 New NBR 16
941848	ID:3	App: Epoch 1 New NBR 16
948081	ID:3	App: Epoch 1 New NBR 16
954338	ID:3	App: Epoch 1 New NBR 16
956239	ID:42	Rime started with address 42.0
962611	ID:15	Rime started with address 15.0
965826	ID:42	MAC 2a:00:00:00:00:00:00:00 Contiki-3.x-3345-g32b5b17f6 started. Node id is set to 42.
971794	ID:42	nullsec CSMA nd-rdc, channel check rate 128 Hz, radio channel 26
972105	ID:15	MAC 0f:00:00:00:00:00:00:00 Contiki-3.x-3345-g32b5b17f6 started. Node id is set to 15.
974049	ID:42	Starting 'Application process'
975014	ID:42	Node ID: 42
976852	ID:42	RTIMER_SECOND: 32768
978073	ID:15	nullsec CSMA nd-rdc, channel check rate 128 Hz, radio channel 26
979015	ID:14	App: Epoch 1 New NBR 16
979476	ID:42	App: Epoch 1 New NBR 16
980329	ID:15	Starting 'Application process'
981329	ID:15	Node ID: 15
981348	ID:14	App: Epoch 1 New NBR 16
981500	ID:42	App: Epoch 1 New NBR 1
983166	ID:15	RTIMER_SECOND: 32768
985618	ID:14	App: Epoch 1 New NBR 16
985791	ID:15	App: Epoch 1 New NBR 16
987815	ID:15	App: Epoch 1 New NBR 1
991874	ID:14	App: Epoch 1 New NBR 16
1065657	ID:3	App: Epoch 1 New NBR 45
1067990	ID:3	App: Epoch 1 New NBR 22
1071587	ID:3	App: Epoch 1 New NBR 40
1073700	ID:3	App: Epoch 1 New NBR 40
1076607	ID:3	App: Epoch 1 New NBR 39
1078711	ID:3	App: Epoch 1 New NBR 45
1082361	ID:1	App: Epoch 1 New NBR 39
1084509	ID:1	App: Epoch 1 New NBR 45
1086660	ID:1	App: Epoch 1 New NBR 39
1088789	ID:1	App: Epoch 1 New NBR 40
1092104	ID:1	App: Epoch 1 New NBR 45
1095003	ID:1	App: Epoch 1 New NBR 45
1097883	ID:1	App: Epoch 1 New NBR 22
1100095	ID:1	App: Epoch 1 New NBR 22
1102200	ID:1	App: Epoch 1 New NBR 45
1105499	ID:14	App: Epoch 1 New NBR 45
1110190	ID:14	App: Epoch 1 New NBR 40
1110192	ID:43	App: Epoch 1 New NBR 40
1112341	ID:43	App: Epoch 1 New NBR 39
1114222	ID:14	App: Epoch 1 New NBR 39
1114446	ID:43	App: Epoch 1 New NBR 39
1117352	ID:14	App: Epoch 1 New NBR 45
1117442	ID:43	App: Epoch 1 New NBR 45
1119548	ID:14	App: Epoch 1 New NBR 40
1119775	ID:43	App: Epoch 1 New NBR 40
1121931	ID:43	App: Epoch 1 New NBR 22
1122049	ID:14	App: Epoch 1 New NBR 22
1124763	ID:43	App: Epoch 1 New NBR 39
1126214	ID:48	Rime started with address 48.0
1126938	ID:43	App: Epoch 1 New NBR 40
1129044	ID:43	App: Epoch 1 New NBR 39
1131125	ID:40	App: Epoch 1 New NBR 22
1133458	ID:40	App: Epoch 1 New NBR 45
1135667	ID:40	App: Epoch 1 New NBR 45
1135798	ID:48	MAC 30:00:00:00:00:00:00:00 Contiki-3.x-3345-g32b5b17f6 started. Node id is set to 48.
1137904	ID:40	App: Epoch 1 New NBR 45
1140026	ID:40	App: Epoch 1 New NBR 39
1141809	ID:48	nullsec CSMA nd-rdc, channel check rate 128 Hz, radio channel 26
1142131	ID:40	App: Epoch 1 New NBR 45
1144066	ID:48	Starting 'Application process'
1144508	ID:40	App: Epoch 1 New NBR 22
1145029	ID:48	Node ID: 48
1145997	ID:39	App: Epoch 1 New NBR 22
1146866	ID:48	RTIMER_SECOND: 32768
1148003	ID:39	App: Epoch 1 New NBR 1
1149491	ID:48	App: Epoch 1 New NBR 45
1150567	ID:39	App: Epoch 1 New NBR 40
1151720	ID:48	App: Epoch 1 New NBR 22
1152724	ID:39	App: Epoch 1 New NBR 40
1154972	ID:39	App: Epoch 1 New NBR 45
1157358	ID:39	App: Epoch 1 New NBR 22
1159567	ID:39	App: Epoch 1 New NBR 22
1161723	ID:39	App: Epoch 1 New NBR 45
1163946	ID:39	App: Epoch 1 New NBR 32
1166059	ID:39	App: Epoch 1 New NBR 45
1168172	ID:39	App: Epoch 1 New NBR 22
1170290	ID:39	App: Epoch 1 New NBR 32
1172624	ID:39	App: Epoch 1 New NBR 45
1185349	ID:45	App: Epoch 1 New NBR 25
1190858	ID:45	App: Epoch 1 New NBR 22
1190862	ID:3	App: Epoch 1 New NBR 22
1193217	ID:45	App: Epoch 1 New NBR 22
1193240	ID:3	App: Epoch 1 New NBR 22
1195786	ID:3	App: Epoch 1 New NBR 25
1195820	ID:45	App: Epoch 1 New NBR 25
1197898	ID:3	App: Epoch 1 New NBR 22
1197925	ID:45	App: Epoch 1 New NBR 22
1200164	ID:45	App: Epoch 1 New NBR 22
1200461	ID:3	App: Epoch 1 New NBR 25
1202476	ID:45	App: Epoch 1 New NBR 25
1202566	ID:3	App: Epoch 1 New NBR 42
1204580	ID:45	App: Epoch 1 New NBR 42
1209169	ID:1	App: Epoch 1 New NBR 22
1211835	ID:1	App: Epoch 1 New NBR 42
1214714	ID:1	App: Epoch 1 New NBR 32
1217049	ID:1	App: Epoch 1 New NBR 25
1219207	ID:1	App: Epoch 1 New NBR 32
1221445	ID:1	App: Epoch 1 New NBR 32
1223603	ID:1	App: Epoch 1 New NBR 32
1225886	ID:1	App: Epoch 1 New NBR 22
1227999	ID:1	App: Epoch 1 New NBR 22
1229938	ID:14	App: Epoch 1 New NBR 22
1230113	ID:1	App: Epoch 1 New NBR 25
1232325	ID:14	App: Epoch 1 New NBR 22
1232447	ID:1	App: Epoch 1 New NBR 42
1234533	ID:14	App: Epoch 1 New NBR 25
1236125	ID:43	App: Epoch 1 New NBR 32
1236746	ID:14	App: Epoch 1 New NBR 32
1238903	ID:14	App: Epoch 1 New NBR 25
1241060	ID:14	App: Epoch 1 New NBR 22
1243555	ID:43	App: Epoch 1 New NBR 32
1243596	ID:14	App: Epoch 1 New NBR 32
1245660	ID:43	App: Epoch 1 New NBR 42
1246285	ID:14	App: Epoch 1 New NBR 25
1249014	ID:14	App: Epoch 1 New NBR 25
1251127	ID:14	App: Epoch 1 New NBR 25
1251839	ID:43	App: Epoch 1 New NBR 42
1253255	ID:14	App: Epoch 1 New NBR 32
1255368	ID:14	App: Epoch 1 New NBR 42
1260028	ID:40	App: Epoch 1 New NBR 32
1262185	ID:40	App: Epoch 1 New NBR 25
1264343	ID:40	App: Epoch 1 New NBR 20
1266500	ID:40	App: Epoch 1 New NBR 42
1268657	ID:40	App: Epoch 1 New NBR 25
1270905	ID:40	App: Epoch 1 New NBR 20
1271496	ID:39	App: Epoch 1 New NBR 20
1273356	ID:40	App: Epoch 1 New NBR 25
1275210	ID:39	App: Epoch 1 New NBR 25
1275521	ID:40	App: Epoch 1 New NBR 42
1277625	ID:40	App: Epoch 1 New NBR 20
1279302	ID:39	App: Epoch 1 New NBR 32
1281689	ID:39	App: Epoch 1 New NBR 42
1283897	ID:39	App: Epoch 1 New NBR 20
1286134	ID:39	App: Epoch 1 New NBR 42
1288751	ID:39	App: Epoch 1 New NBR 25
1290855	ID:39	App: Epoch 1 New NBR 42
1315079	ID:3	App: Epoch 1 New NBR 32
1323097	ID:3	App: Epoch 1 New NBR 32
1324346	ID:7	Rime started with address 7.0
1325281	ID:3	App: Epoch 1 New NBR 42
1326014	ID:42	App: Epoch 1 New NBR 32
1327816	ID:3	App: Epoch 1 New NBR 32
1328401	ID:42	App: Epoch 1 New NBR 25
1330612	ID:42	App: Epoch 1 New NBR 22
1332137	ID:36	Rime started with address 36.0
1332769	ID:42	App: Epoch 1 New NBR 22
1333684	ID:7	MAC 07:00:00:00:00:00:00:00 Contiki-3.x-3345-g32b5b17f6 started. Node id is set to 7.
1334925	ID:42	App: Epoch 1 New NBR 25
1337082	ID:42	App: Epoch 1 New NBR 22
1337634	ID:1	App: Epoch 1 New NBR 25
1339239	ID:42	App: Epoch 1 New NBR 15
1339579	ID:7	nullsec CSMA nd-rdc, channel check rate 128 Hz, radio channel 26
1340043	ID:15	App: Epoch 1 New NBR 42
1341487	ID:42	App: Epoch 1 New NBR 32
1341724	ID:36	MAC 24:00:00:00:00:00:00:00 Contiki-3.x-3345-g32b5b17f6 started. Node id is set to 36.
1341834	ID:7	Starting 'Application process'
1342200	ID:15	App: Epoch 1 New NBR 25
1342646	ID:7	Node ID: 7
1343779	ID:1	App: Epoch 1 New NBR 25
1343974	ID:42	App: Epoch 1 New NBR 15
1344357	ID:15	App: Epoch 1 New NBR 25
1344482	ID:7	RTIMER_SECOND: 32768
1345928	ID:1	App: Epoch 1 New NBR 32
1346139	ID:42	App: Epoch 1 New NBR 25
1346515	ID:15	App: Epoch 1 New NBR 32
1347107	ID:7	App: Epoch 1 New NBR 25
1347692	ID:36	nullsec CSMA nd-rdc, channel check rate 128 Hz, radio channel 26
1348027	ID:34	Rime started with address 34.0
1348157	ID:1	App: Epoch 1 New NBR 32
1348252	ID:42	App: Epoch 1 New NBR 15
1348335	ID:2	Rime started with address 2.0
1348723	ID:15	App: Epoch 1 New NBR 25
1349336	ID:7	App: Epoch 1 New NBR 15
1349962	ID:36	Starting 'Application process'
1350368	ID:42	App: Epoch 1 New NBR 25
1350416	ID:1	App: Epoch 1 New NBR 32
1350927	ID:36	Node ID: 36
1351109	ID:15	App: Epoch 1 New NBR 20
1351491	ID:7	App: Epoch 1 New NBR 12
1352481	ID:42	App: Epoch 1 New NBR 25
1352764	ID:36	RTIMER_SECOND: 32768
1353318	ID:15	App: Epoch 1 New NBR 42
1353938	ID:7	App: Epoch 1 New NBR 25
1354595	ID:42	App: Epoch 1 New NBR 32
1355390	ID:36	App: Epoch 1 New NBR 32
1355557	ID:15	App: Epoch 1 New NBR 25
1356116	ID:7	App: Epoch 1 New NBR 32
1356708	ID:42	App: Epoch 1 New NBR 25
1357245	ID:14	App: Epoch 1 New NBR 32
1357481	ID:33	Rime started with address 33.0
1357611	ID:34	MAC 22:00:00:00:00:00:00:00 Contiki-3.x-3345-g32b5b17f6 started. Node id is set to 34.
1357620	ID:36	App: Epoch 1 New NBR 32
1357677	ID:2	MAC 02:00:00:00:00:00:00:00 Contiki-3.x-3345-g32b5b17f6 started. Node id is set to 2.
1357779	ID:15	App: Epoch 1 New NBR 20
1358912	ID:42	App: Epoch 1 New NBR 25
1359441	ID:43	App: Epoch 1 finished Num NBR 30
1359868	ID:36	App: Epoch 1 New NBR 32
1359892	ID:15	App: Epoch 1 New NBR 25
1361256	ID:42	App: Epoch 1 New NBR 32
1362005	ID:15	App: Epoch 1 New NBR 42
1362315	ID:36	App: Epoch 1 New NBR 12
1362560	ID:14	App: Epoch 1 New NBR 43
1363421	ID:42	App: Epoch 1 New NBR 25
1363584	ID:2	nullsec CSMA nd-rdc, channel check rate 128 Hz, radio channel 26
1363594	ID:34	nullsec CSMA nd-rdc, channel check rate 128 Hz, radio channel 26
1364209	ID:15	App: Epoch 1 New NBR 20
1364491	ID:36	App: Epoch 1 New NBR 25
1364718	ID:14	App: Epoch 1 New NBR 32
1365614	ID:42	App: Epoch 1 New NBR 20
1365839	ID:2	Starting 'Application process'
1365854	ID:34	Starting 'Application process'
1366551	ID:15	App: Epoch 1 New NBR 25
1366651	ID:2	Node ID: 2
1366819	ID:34	Node ID: 34
1366876	ID:14	App: Epoch 1 New NBR 32
1367063	ID:33	MAC 21:00:00:00:00:00:00:00 Contiki-3.x-3345-g32b5b17f6 started. Node id is set to 33.
1368062	ID:42	App: Epoch 1 New NBR 32
1368487	ID:2	RTIMER_SECOND: 32768
1368656	ID:34	RTIMER_SECOND: 32768
1368717	ID:15	App: Epoch 1 New NBR 32
1369025	ID:14	App: Epoch 1 New NBR 32
1370509	ID:42	App: Epoch 1 New NBR 25
1370831	ID:15	App: Epoch 1 New NBR 42
1371112	ID:2	App: Epoch 1 New NBR 12
1371280	ID:34	App: Epoch 1 New NBR 12
1371694	ID:23	Rime started with address 23.0
1372281	ID:46	Rime started with address 46.0
1372955	ID:42	App: Epoch 1 New NBR 25
1373024	ID:15	App: Epoch 1 New NBR 20
1373031	ID:33	nullsec CSMA nd-rdc, channel check rate 128 Hz, radio channel 26
1373341	ID:2	App: Epoch 1 New NBR 43
1373510	ID:34	App: Epoch 1 New NBR 43
1375137	ID:15	App: Epoch 1 New NBR 42
1375286	ID:33	Starting 'Application process'
1375499	ID:2	App: Epoch 1 New NBR 32
1375757	ID:34	App: Epoch 1 New NBR 32
1376009	ID:42	App: Epoch 1 New NBR 25
1376252	ID:33	Node ID: 33
1377584	ID:15	App: Epoch 1 New NBR 25
1377949	ID:2	App: Epoch 1 New NBR 32
1378090	ID:33	RTIMER_SECOND: 32768
1378205	ID:34	App: Epoch 1 New NBR 32
1379788	ID:15	App: Epoch 1 New NBR 32
1380180	ID:2	App: Epoch 1 New NBR 32
1380435	ID:34	App: Epoch 1 New NBR 32
1380714	ID:33	App: Epoch 1 New NBR 12
1381279	ID:23	MAC 17:00:00:00:00:00:00:00 Contiki-3.x-3345-g32b5b17f6 started. Node id is set to 23.
1381801	ID:18	Rime started with address 18.0
1381866	ID:46	MAC 2e:00:00:00:00:00:00:00 Contiki-3.x-3345-g32b5b17f6 started. Node id is set to 46.
1382113	ID:40	App: Epoch 1 New NBR 25
1382132	ID:15	App: Epoch 1 New NBR 32
1382337	ID:2	App: Epoch 1 New NBR 12
1382593	ID:34	App: Epoch 1 New NBR 12
1382943	ID:33	App: Epoch 1 New NBR 43
1384298	ID:15	App: Epoch 1 New NBR 32
1384442	ID:2	App: Epoch 1 New NBR 12
1384651	ID:35	Rime started with address 35.0
1384698	ID:34	App: Epoch 1 New NBR 12
1385190	ID:33	App: Epoch 1 New NBR 25
1386278	ID:40	App: Epoch 1 New NBR 43
1386825	ID:15	App: Epoch 1 New NBR 25
1387248	ID:23	nullsec CSMA nd-rdc, channel check rate 128 Hz, radio channel 26
1387637	ID:33	App: Epoch 1 New NBR 12
1387834	ID:46	nullsec CSMA nd-rdc, channel check rate 128 Hz, radio channel 26
1388835	ID:40	App: Epoch 1 New NBR 32
1388938	ID:15	App: Epoch 1 New NBR 25
1389518	ID:23	Starting 'Application process'
1389813	ID:33	App: Epoch 1 New NBR 12
1390104	ID:46	Starting 'Application process'
1390481	ID:23	Node ID: 23
1391044	ID:15	App: Epoch 1 New NBR 32
1391068	ID:46	Node ID: 46
1391387	ID:18	MAC 12:00:00:00:00:00:00:00 Contiki-3.x-3345-g32b5b17f6 started. Node id is set to 18.
1392319	ID:23	RTIMER_SECOND: 32768
1392906	ID:46	RTIMER_SECOND: 32768
1394237	ID:35	MAC 23:00:00:00:00:00:00:00 Contiki-3.x-3345-g32b5b17f6 started. Node id is set to 35.
1394943	ID:23	App: Epoch 1 New NBR 43
1395530	ID:46	App: Epoch 1 New NBR 43
1396289	ID:40	App: Epoch 1 New NBR 43
1397021	ID:23	App: Epoch 1 New NBR 6
1397353	ID:18	nullsec CSMA nd-rdc, channel check rate 128 Hz, radio channel 26
1397608	ID:46	App: Epoch 1 New NBR 6
1398487	ID:39	App: Epoch 1 New NBR 32
1399122	ID:40	App: Epoch 1 New NBR 32
1399297	ID:23	App: Epoch 1 New NBR 32
1399623	ID:18	Starting 'Application process'
1399884	ID:46	App: Epoch 1 New NBR 32
1400204	ID:35	nullsec CSMA nd-rdc, channel check rate 128 Hz, radio channel 26
1400587	ID:18	Node ID: 18
1401348	ID:39	App: Epoch 1 New NBR 25
1401594	ID:23	App: Epoch 1 New NBR 6
1402181	ID:46	App: Epoch 1 New NBR 6
1402424	ID:18	RTIMER_SECOND: 32768
1402474	ID:35	Starting 'Application process'
1403439	ID:35	Node ID: 35
1403544	ID:39	App: Epoch 1 New NBR 32
1405049	ID:18	App: Epoch 1 New NBR 43
1405276	ID:35	RTIMER_SECOND: 32768
1406864	ID:39	App: Epoch 1 New NBR 43
1407127	ID:18	App: Epoch 1 New NBR 6
1407750	ID:35	App: Epoch 1 New NBR 6
1409405	ID:18	App: Epoch 1 New NBR 32
1410010	ID:35	App: Epoch 1 New NBR 32
1411852	ID:18	App: Epoch 1 New NBR 13
1412255	ID:35	App: Epoch 1 New NBR 13
1414081	ID:18	App: Epoch 1 New NBR 12
1414702	ID:35	App: Epoch 1 New NBR 25
1414744	ID:39	App: Epoch 1 New NBR 43
1416320	ID:18	App: Epoch 1 New NBR 25
1416932	ID:35	App: Epoch 1 New NBR 32
1418478	ID:18	App: Epoch 1 New NBR 32
1419171	ID:35	App: Epoch 1 New NBR 13
1420582	ID:18	App: Epoch 1 New NBR 13
1421275	ID:35	App: Epoch 1 New NBR 43
1432019	ID:26	Rime started with address 26.0
1436706	ID:45	App: Epoch 1 New NBR 23
1438875	ID:3	App: Epoch 1 finished Num NBR 29
1440705	ID:12	App: Epoch 1 New NBR 6
1441606	ID:26	MAC 1a:00:00:00:00:00:00:00 Contiki-3.x-3345-g32b5b17f6 started. Node id is set to 26.
1443123	ID:12	App: Epoch 1 New NBR 32
1443501	ID:45	App: Epoch 1 New NBR 38
1445332	ID:12	App: Epoch 1 New NBR 13
1447490	ID:12	App: Epoch 1 New NBR 32
1447573	ID:26	nullsec CSMA nd-rdc, channel check rate 128 Hz, radio channel 26
1449827	ID:26	Starting 'Application process'
1450105	ID:12	App: Epoch 1 New NBR 38
1450792	ID:26	Node ID: 26
1451940	ID:42	App: Epoch 1 New NBR 43
1452622	ID:12	App: Epoch 1 New NBR 43
1452630	ID:26	RTIMER_SECOND: 32768
1455156	ID:12	App: Epoch 1 New NBR 23
1455207	ID:42	App: Epoch 1 New NBR 32
1455686	ID:26	App: Epoch 1 New NBR 43
1457434	ID:12	App: Epoch 1 New NBR 25
1457782	ID:26	App: Epoch 1 New NBR 3
1459808	ID:12	App: Epoch 1 New NBR 32
1460258	ID:26	App: Epoch 1 New NBR 23
1460922	ID:1	App: Epoch 1 New NBR 38
1460922	ID:42	App: Epoch 1 New NBR 38
1461974	ID:12	App: Epoch 1 New NBR 38
1462487	ID:26	App: Epoch 1 New NBR 25
1464501	ID:12	App: Epoch 1 New NBR 43
1464645	ID:26	App: Epoch 1 New NBR 32
1466803	ID:26	App: Epoch 1 New NBR 38
1466950	ID:12	App: Epoch 1 New NBR 32
1467108	ID:1	App: Epoch 1 New NBR 38
1468722	ID:15	App: Epoch 1 New NBR 38
1468808	ID:26	App: Epoch 1 New NBR 6
1468886	ID:42	App: Epoch 1 New NBR 38
1469063	ID:12	App: Epoch 1 New NBR 23
1469213	ID:1	App: Epoch 1 New NBR 38
1470995	ID:26	App: Epoch 1 New NBR 43
1472019	ID:15	App: Epoch 1 New NBR 38
1472099	ID:1	App: Epoch 1 New NBR 38
1474202	ID:15	App: Epoch 1 New NBR 43
1474361	ID:1	App: Epoch 1 New NBR 43
1476810	ID:1	App: Epoch 1 New NBR 38
1477019	ID:15	App: Epoch 1 New NBR 38
1479005	ID:1	App: Epoch 1 New NBR 38
1479177	ID:15	App: Epoch 1 New NBR 38
1481303	ID:14	App: Epoch 1 New NBR 32
1481885	ID:15	App: Epoch 1 New NBR 43
1484667	ID:15	App: Epoch 1 New NBR 32
1490106	ID:14	App: Epoch 1 New NBR 43
1490837	ID:43	App: Epoch 2 New NBR 32
1492211	ID:14	App: Epoch 1 New NBR 48
1494000	ID:49	Rime started with address 49.0
1500076	ID:43	App: Epoch 2 New NBR 32
1502183	ID:43	App: Epoch 2 New NBR 38
1503586	ID:49	MAC 31:00:00:00:00:00:00:00 Contiki-3.x-3345-g32b5b17f6 started. Node id is set to 49.
1504135	ID:43	App: Epoch 2 New NBR 3
1508109	ID:13	App: Epoch 1 New NBR 32
1509555	ID:49	nullsec CSMA nd-rdc, channel check rate 128 Hz, radio channel 26
1510115	ID:13	App: Epoch 1 New NBR 6
1511484	ID:40	App: Epoch 1 New NBR 48
1511825	ID:49	Starting 'Application process'
1512098	ID:6	App: Epoch 1 New NBR 38
1512304	ID:13	App: Epoch 1 New NBR 25
1512789	ID:49	Node ID: 49
1513695	ID:5	Rime started with address 5.0
1513975	ID:40	App: Epoch 1 New NBR 36
1514431	ID:6	App: Epoch 1 New NBR 12
1514462	ID:13	App: Epoch 1 New NBR 32
1514626	ID:49	RTIMER_SECOND: 32768
1516710	ID:13	App: Epoch 1 New NBR 38
1517100	ID:49	App: Epoch 1 New NBR 6
1517122	ID:40	App: Epoch 1 New NBR 38
1518945	ID:13	App: Epoch 1 New NBR 6
1519207	ID:49	App: Epoch 1 New NBR 3
1519651	ID:40	App: Epoch 1 New NBR 25
1521184	ID:13	App: Epoch 1 New NBR 43
1521484	ID:49	App: Epoch 1 New NBR 48
1523037	ID:5	MAC 05:00:00:00:00:00:00:00 Contiki-3.x-3345-g32b5b17f6 started. Node id is set to 5.
1523800	ID:13	App: Epoch 1 New NBR 32
1524328	ID:49	App: Epoch 1 New NBR 36
1524449	ID:39	App: Epoch 1 New NBR 48
1524665	ID:40	App: Epoch 1 New NBR 48
1526032	ID:13	App: Epoch 1 New NBR 23
1526586	ID:39	App: Epoch 1 New NBR 32
1528815	ID:13	App: Epoch 1 New NBR 38
1528931	ID:5	nullsec CSMA nd-rdc, channel check rate 128 Hz, radio channel 26
1529176	ID:39	App: Epoch 1 New NBR 38
1531186	ID:5	Starting 'Application process'
1531262	ID:13	App: Epoch 1 New NBR 23
1531993	ID:39	App: Epoch 1 New NBR 32
1531999	ID:5	Node ID: 5
1533466	ID:13	App: Epoch 1 New NBR 38
1533835	ID:5	RTIMER_SECOND: 32768
1534154	ID:39	App: Epoch 1 New NBR 36
1535810	ID:13	App: Epoch 1 New NBR 38
1536309	ID:5	App: Epoch 1 New NBR 3
1536379	ID:39	App: Epoch 1 New NBR 36
1538310	ID:13	App: Epoch 1 New NBR 32
1538568	ID:5	App: Epoch 1 New NBR 38
1538709	ID:39	App: Epoch 1 New NBR 38
1540573	ID:5	App: Epoch 1 New NBR 2
1541171	ID:13	App: Epoch 1 New NBR 48
1541482	ID:39	App: Epoch 1 New NBR 36
1543049	ID:5	App: Epoch 1 New NBR 25
1543285	ID:13	App: Epoch 1 New NBR 32
1545279	ID:5	App: Epoch 1 New NBR 36
1545399	ID:13	App: Epoch 1 New NBR 36
1547517	ID:5	App: Epoch 1 New NBR 36
1547525	ID:13	App: Epoch 1 New NBR 38
1549623	ID:5	App: Epoch 1 New NBR 38
1550255	ID:13	App: Epoch 1 New NBR 32
1552368	ID:13	App: Epoch 1 New NBR 23
1552550	ID:38	App: Epoch 1 New NBR 12
1554481	ID:13	App: Epoch 1 New NBR 48
1554785	ID:38	App: Epoch 1 New NBR 6
1556664	ID:13	App: Epoch 1 New NBR 32
1557024	ID:38	App: Epoch 1 New NBR 43
1559184	ID:38	App: Epoch 1 New NBR 23
1561341	ID:38	App: Epoch 1 New NBR 13
1561567	ID:23	App: Epoch 1 New NBR 43
1563167	ID:45	App: Epoch 1 New NBR 25
1563498	ID:38	App: Epoch 1 New NBR 32
1564102	ID:23	App: Epoch 1 New NBR 43
1566259	ID:23	App: Epoch 1 New NBR 48
1567302	ID:3	App: Epoch 2 New NBR 43
1568795	ID:23	App: Epoch 1 New NBR 38
1569468	ID:12	App: Epoch 1 New NBR 25
1569532	ID:38	App: Epoch 1 New NBR 25
1569690	ID:3	App: Epoch 2 New NBR 38
1571625	ID:12	App: Epoch 1 New NBR 48
1571637	ID:38	App: Epoch 1 New NBR 48
1571649	ID:23	App: Epoch 1 New NBR 36
1571900	ID:3	App: Epoch 2 New NBR 38
1573859	ID:23	App: Epoch 1 New NBR 38
1573862	ID:12	App: Epoch 1 New NBR 16
1573907	ID:3	App: Epoch 2 New NBR 6
1576093	ID:3	App: Epoch 2 New NBR 43
1576391	ID:12	App: Epoch 1 New NBR 32
1576397	ID:23	App: Epoch 1 New NBR 32
1578250	ID:3	App: Epoch 2 New NBR 23
1578618	ID:23	App: Epoch 1 New NBR 36
1580330	ID:12	App: Epoch 1 New NBR 36
1580330	ID:42	App: Epoch 1 New NBR 36
1580407	ID:3	App: Epoch 2 New NBR 48
1580733	ID:23	App: Epoch 1 New NBR 38
1582566	ID:3	App: Epoch 2 New NBR 32
1582813	ID:42	App: Epoch 1 New NBR 48
1582847	ID:23	App: Epoch 1 New NBR 32
1583269	ID:12	App: Epoch 1 New NBR 48
1585018	ID:3	App: Epoch 2 New NBR 38
1585296	ID:23	App: Epoch 1 New NBR 36
1587515	ID:3	App: Epoch 2 New NBR 25
1587638	ID:23	App: Epoch 1 New NBR 16
1587805	ID:1	App: Epoch 1 New NBR 32
1588599	ID:47	Rime started with address 47.0
1589628	ID:3	App: Epoch 2 New NBR 48
1590471	ID:23	App: Epoch 1 New NBR 25
1591741	ID:3	App: Epoch 2 New NBR 16
1592867	ID:36	App: Epoch 1 New NBR 43
1592989	ID:23	App: Epoch 1 New NBR 16
1593602	ID:1	App: Epoch 1 New NBR 48
1593602	ID:15	App: Epoch 1 New NBR 48
1593762	ID:42	App: Epoch 1 New NBR 48
1594189	ID:3	App: Epoch 2 New NBR 32
1595253	ID:36	App: Epoch 1 New NBR 23
1595435	ID:23	App: Epoch 1 New NBR 25
1596302	ID:3	App: Epoch 2 New NBR 16
1597462	ID:36	App: Epoch 1 New NBR 13
1597548	ID:23	App: Epoch 1 New NBR 48
1598186	ID:47	MAC 2f:00:00:00:00:00:00:00 Contiki-3.x-3345-g32b5b17f6 started. Node id is set to 47.
1598507	ID:3	App: Epoch 2 New NBR 36
1599661	ID:23	App: Epoch 1 New NBR 16
1599845	ID:36	App: Epoch 1 New NBR 6
1601235	ID:3	App: Epoch 2 New NBR 48
1602111	ID:36	App: Epoch 1 New NBR 25
1602200	ID:23	App: Epoch 1 New NBR 32
1603340	ID:3	App: Epoch 2 New NBR 16
1604117	ID:36	App: Epoch 1 New NBR 6
1604153	ID:47	nullsec CSMA nd-rdc, channel check rate 128 Hz, radio channel 26
1604626	ID:15	App: Epoch 1 New NBR 48
1604672	ID:14	App: Epoch 1 New NBR 48
1606305	ID:36	App: Epoch 1 New NBR 38
1606419	ID:47	Starting 'Application process'
1606422	ID:48	App: Epoch 1 New NBR 6
1606976	ID:27	Rime started with address 27.0
1607383	ID:47	Node ID: 47
1608840	ID:48	App: Epoch 1 New NBR 38
1609221	ID:47	RTIMER_SECOND: 32768
1610898	ID:48	App: Epoch 1 New NBR 3
1611847	ID:47	App: Epoch 1 New NBR 16
1613138	ID:48	App: Epoch 1 New NBR 13
1614076	ID:47	App: Epoch 1 New NBR 48
1615296	ID:48	App: Epoch 1 New NBR 38
1616173	ID:47	App: Epoch 1 New NBR 2
1616561	ID:27	MAC 1b:00:00:00:00:00:00:00 Contiki-3.x-3345-g32b5b17f6 started. Node id is set to 27.
1617453	ID:48	App: Epoch 1 New NBR 23
1618649	ID:47	App: Epoch 1 New NBR 16
1619443	ID:43	App: Epoch 2 New NBR 25
1619459	ID:48	App: Epoch 1 New NBR 6
1621970	ID:43	App: Epoch 2 New NBR 16
1622050	ID:48	App: Epoch 1 New NBR 38
1622523	ID:28	Rime started with address 28.0
1622527	ID:27	nullsec CSMA nd-rdc, channel check rate 128 Hz, radio channel 26
1624506	ID:48	App: Epoch 1 New NBR 32
1624798	ID:27	Starting 'Application process'
1625669	ID:43	App: Epoch 2 New NBR 25
1625761	ID:27	Node ID: 27
1627006	ID:48	App: Epoch 1 New NBR 36
1627599	ID:27	RTIMER_SECOND: 32768
1628232	ID:43	App: Epoch 2 New NBR 16
1629118	ID:48	App: Epoch 1 New NBR 23
1630223	ID:27	App: Epoch 1 New NBR 25
1631566	ID:48	App: Epoch 1 New NBR 38
1632015	ID:43	App: Epoch 2 New NBR 25
1632108	ID:28	MAC 1c:00:00:00:00:00:00:00 Contiki-3.x-3345-g32b5b17f6 started. Node id is set to 28.
1632451	ID:27	App: Epoch 1 New NBR 16
1633680	ID:48	App: Epoch 1 New NBR 25
1634699	ID:27	App: Epoch 1 New NBR 25
1635793	ID:48	App: Epoch 1 New NBR 16
1637544	ID:27	App: Epoch 1 New NBR 16
1638119	ID:28	nullsec CSMA nd-rdc, channel check rate 128 Hz, radio channel 26
1638180	ID:13	App: Epoch 1 New NBR 25
1638206	ID:6	App: Epoch 1 New NBR 25
1638560	ID:48	App: Epoch 1 New NBR 25
1640374	ID:28	Starting 'Application process'
1640725	ID:48	App: Epoch 1 New NBR 16
1641337	ID:28	Node ID: 28
1642838	ID:48	App: Epoch 1 New NBR 25
1643174	ID:28	RTIMER_SECOND: 32768
1644437	ID:6	App: Epoch 1 New NBR 25
1644438	ID:13	App: Epoch 1 New NBR 25
1645799	ID:28	App: Epoch 1 New NBR 25
1646606	ID:6	App: Epoch 1 New NBR 16
1647877	ID:28	App: Epoch 1 New NBR 2
1650153	ID:28	App: Epoch 1 New NBR 25
1651662	ID:6	App: Epoch 1 New NBR 16
1652549	ID:28	App: Epoch 1 New NBR 16
1655706	ID:2	App: Epoch 1 New NBR 36
1658092	ID:2	App: Epoch 1 New NBR 23
1658647	ID:24	Rime started with address 24.0
1660301	ID:2	App: Epoch 1 New NBR 48
1662458	ID:2	App: Epoch 1 New NBR 16
1664614	ID:2	App: Epoch 1 New NBR 48
1666771	ID:2	App: Epoch 1 New NBR 16
1666934	ID:31	Rime started with address 31.0
1668232	ID:24	MAC 18:00:00:00:00:00:00:00 Contiki-3.x-3345-g32b5b17f6 started. Node id is set to 24.
1668928	ID:2	App: Epoch 1 New NBR 25
1671176	ID:2	App: Epoch 1 New NBR 16
1673661	ID:2	App: Epoch 1 New NBR 16
1674217	ID:24	nullsec CSMA nd-rdc, channel check rate 128 Hz, radio channel 26
1675827	ID:2	App: Epoch 1 New NBR 35
1676474	ID:24	Starting 'Application process'
1676522	ID:31	MAC 1f:00:00:00:00:00:00:00 Contiki-3.x-3345-g32b5b17f6 started. Node id is set to 31.
1677438	ID:24	Node ID: 24
1677940	ID:2	App: Epoch 1 New NBR 16
1679276	ID:24	RTIMER_SECOND: 32768
1680045	ID:2	App: Epoch 1 New NBR 35
1681901	ID:24	App: Epoch 1 New NBR 35
1682491	ID:31	nullsec CSMA nd-rdc, channel check rate 128 Hz, radio channel 26
1684078	ID:24	App: Epoch 1 New NBR 16
1684755	ID:31	Starting 'Application process'
1685720	ID:31	Node ID: 31
1687558	ID:31	RTIMER_SECOND: 32768
1689202	ID:45	App: Epoch 1 New NBR 16
1689255	ID:38	App: Epoch 1 New NBR 35
1690562	ID:31	App: Epoch 1 New NBR 35
1695456	ID:45	App: Epoch 1 New NBR 16
1695630	ID:38	App: Epoch 1 New NBR 16
1699642	ID:23	App: Epoch 1 New NBR 49
1699643	ID:45	App: Epoch 1 New NBR 49
1699649	ID:3	App: Epoch 2 New NBR 49
1699767	ID:12	App: Epoch 1 New NBR 49
1701991	ID:45	App: Epoch 1 New NBR 16
1703784	ID:3	App: Epoch 2 New NBR 49
1703784	ID:12	App: Epoch 1 New NBR 49
1703784	ID:42	App: Epoch 1 New NBR 49
1704106	ID:23	App: Epoch 1 New NBR 49
1705980	ID:42	App: Epoch 1 New NBR 35
1705981	ID:3	App: Epoch 2 New NBR 35
1706071	ID:12	App: Epoch 1 New NBR 35
1708137	ID:42	App: Epoch 1 New NBR 49
1708457	ID:3	App: Epoch 2 New NBR 49
1708629	ID:12	App: Epoch 1 New NBR 49
1710099	ID:1	App: Epoch 1 New NBR 35
1710696	ID:42	App: Epoch 1 New NBR 35
1711119	ID:3	App: Epoch 2 New NBR 35
1714829	ID:42	App: Epoch 1 New NBR 35
1714830	ID:1	App: Epoch 1 New NBR 35
1720503	ID:36	App: Epoch 1 New NBR 16
1721489	ID:1	App: Epoch 1 New NBR 49
1721490	ID:15	App: Epoch 1 New NBR 49
1722608	ID:36	App: Epoch 1 New NBR 49
1723031	ID:4	Rime started with address 4.0
1723724	ID:15	App: Epoch 1 New NBR 35
1726059	ID:15	App: Epoch 1 New NBR 35
1729236	ID:15	App: Epoch 1 New NBR 49
1729372	ID:14	App: Epoch 1 finished Num NBR 35
1732374	ID:4	MAC 04:00:00:00:00:00:00:00 Contiki-3.x-3345-g32b5b17f6 started. Node id is set to 4.
1733109	ID:48	App: Epoch 1 New NBR 35
1735660	ID:48	App: Epoch 1 New NBR 49
1737888	ID:48	App: Epoch 1 New NBR 49
1738281	ID:4	nullsec CSMA nd-rdc, channel check rate 128 Hz, radio channel 26
1740372	ID:48	App: Epoch 1 New NBR 35
1740537	ID:4	Starting 'Application process'
1741349	ID:4	Node ID: 4
1743185	ID:4	RTIMER_SECOND: 32768
1744552	ID:48	App: Epoch 1 New NBR 35
1745810	ID:4	App: Epoch 1 New NBR 49
1747015	ID:48	App: Epoch 1 New NBR 49
1748039	ID:4	App: Epoch 1 New NBR 49
1749675	ID:44	Rime started with address 44.0
1750194	ID:4	App: Epoch 1 New NBR 16
1752644	ID:4	App: Epoch 1 New NBR 35
1754873	ID:4	App: Epoch 1 New NBR 14
1756942	ID:40	App: Epoch 1 New NBR 35
1757032	ID:4	App: Epoch 1 New NBR 35
1757036	ID:37	Rime started with address 37.0
1759137	ID:4	App: Epoch 1 New NBR 49
1759264	ID:44	MAC 2c:00:00:00:00:00:00:00 Contiki-3.x-3345-g32b5b17f6 started. Node id is set to 44.
1762841	ID:13	App: Epoch 1 New NBR 49
1762867	ID:6	App: Epoch 1 New NBR 49
1762921	ID:40	App: Epoch 1 New NBR 49
1765249	ID:44	nullsec CSMA nd-rdc, channel check rate 128 Hz, radio channel 26
1765316	ID:13	App: Epoch 1 New NBR 35
1765403	ID:40	App: Epoch 1 New NBR 35
1766623	ID:37	MAC 25:00:00:00:00:00:00:00 Contiki-3.x-3345-g32b5b17f6 started. Node id is set to 37.
1767504	ID:44	Starting 'Application process'
1767857	ID:19	Rime started with address 19.0
1768468	ID:44	Node ID: 44
1770306	ID:44	RTIMER_SECOND: 32768
1772591	ID:37	nullsec CSMA nd-rdc, channel check rate 128 Hz, radio channel 26
1772932	ID:44	App: Epoch 1 New NBR 49
1774463	ID:39	App: Epoch 1 New NBR 49
1774680	ID:40	App: Epoch 1 New NBR 49
1774734	ID:13	App: Epoch 1 New NBR 49
1774861	ID:37	Starting 'Application process'
1775161	ID:44	App: Epoch 1 New NBR 16
1775826	ID:37	Node ID: 37
1777409	ID:44	App: Epoch 1 New NBR 35
1777440	ID:19	MAC 13:00:00:00:00:00:00:00 Contiki-3.x-3345-g32b5b17f6 started. Node id is set to 19.
1777663	ID:37	RTIMER_SECOND: 32768
1777849	ID:39	App: Epoch 1 New NBR 35
1779856	ID:44	App: Epoch 1 New NBR 14
1780288	ID:37	App: Epoch 1 New NBR 14
1781096	ID:2	App: Epoch 1 New NBR 34
1782085	ID:44	App: Epoch 1 New NBR 14
1782516	ID:37	App: Epoch 1 New NBR 16
1783408	ID:19	nullsec CSMA nd-rdc, channel check rate 128 Hz, radio channel 26
1783429	ID:2	App: Epoch 1 New NBR 16
1784227	ID:44	App: Epoch 1 New NBR 16
1784764	ID:37	App: Epoch 1 New NBR 49
1785678	ID:19	Starting 'Application process'
1785815	ID:2	App: Epoch 1 New NBR 49
1785815	ID:39	App: Epoch 1 New NBR 49
1786642	ID:19	Node ID: 19
1787211	ID:37	App: Epoch 1 New NBR 16
1788480	ID:19	RTIMER_SECOND: 32768
1789388	ID:37	App: Epoch 1 New NBR 35
1790264	ID:2	App: Epoch 1 New NBR 34
1791105	ID:19	App: Epoch 1 New NBR 34
1792420	ID:2	App: Epoch 1 New NBR 49
1793335	ID:19	App: Epoch 1 New NBR 34
1795582	ID:19	App: Epoch 1 New NBR 16
1798029	ID:19	App: Epoch 1 New NBR 49
1800583	ID:19	App: Epoch 1 New NBR 34
1804706	ID:38	App: Epoch 1 New NBR 49
1807267	ID:30	Rime started with address 30.0
1808069	ID:38	App: Epoch 1 New NBR 16
1810210	ID:38	App: Epoch 1 New NBR 14
1811360	ID:45	App: Epoch 1 New NBR 34
1814323	ID:45	App: Epoch 1 New NBR 16
1814999	ID:23	App: Epoch 1 New NBR 34
1816428	ID:45	App: Epoch 1 New NBR 34
1816853	ID:30	MAC 1e:00:00:00:00:00:00:00 Contiki-3.x-3345-g32b5b17f6 started. Node id is set to 30.
1817474	ID:23	App: Epoch 1 New NBR 34
1817583	ID:12	App: Epoch 1 New NBR 34
1822820	ID:30	nullsec CSMA nd-rdc, channel check rate 128 Hz, radio channel 26
1824754	ID:49	App: Epoch 1 New NBR 35
1825090	ID:30	Starting 'Application process'
1825666	ID:3	App: Epoch 2 New NBR 34
1825666	ID:12	App: Epoch 1 New NBR 34
1825666	ID:23	App: Epoch 1 New NBR 34
1826055	ID:30	Node ID: 30
1826911	ID:49	App: Epoch 1 New NBR 16
1827892	ID:30	RTIMER_SECOND: 32768
1829069	ID:49	App: Epoch 1 New NBR 35
1830517	ID:30	App: Epoch 1 New NBR 14
1831226	ID:49	App: Epoch 1 New NBR 16
1831569	ID:12	App: Epoch 1 New NBR 34
1831591	ID:3	App: Epoch 2 New NBR 34
1832595	ID:30	App: Epoch 1 New NBR 7
1833382	ID:49	App: Epoch 1 New NBR 14
1834871	ID:30	App: Epoch 1 New NBR 34
1835617	ID:49	App: Epoch 1 New NBR 7
1837318	ID:30	App: Epoch 1 New NBR 16
1837856	ID:49	App: Epoch 1 New NBR 16
1840388	ID:49	App: Epoch 1 New NBR 14
1841792	ID:9	Rime started with address 9.0
1842624	ID:49	App: Epoch 1 New NBR 34
1843595	ID:36	App: Epoch 1 New NBR 34
1844737	ID:49	App: Epoch 1 New NBR 16
1846851	ID:49	App: Epoch 1 New NBR 34
1848965	ID:49	App: Epoch 1 New NBR 16
1851136	ID:9	MAC 09:00:00:00:00:00:00:00 Contiki-3.x-3345-g32b5b17f6 started. Node id is set to 9.
1851299	ID:49	App: Epoch 1 New NBR 34
1851940	ID:36	App: Epoch 1 New NBR 16
1854045	ID:36	App: Epoch 1 New NBR 14
1856149	ID:36	App: Epoch 1 New NBR 17
1857046	ID:9	nullsec CSMA nd-rdc, channel check rate 128 Hz, radio channel 26
1857282	ID:14	App: Epoch 2 New NBR 34
1859301	ID:9	Starting 'Application process'
1859440	ID:14	App: Epoch 2 New NBR 34
1859799	ID:48	App: Epoch 1 New NBR 34
1860114	ID:9	Node ID: 9
1861677	ID:14	App: Epoch 2 New NBR 16
1861948	ID:48	App: Epoch 1 New NBR 34
1861950	ID:9	RTIMER_SECOND: 32768
1863834	ID:14	App: Epoch 2 New NBR 49
1864574	ID:9	App: Epoch 1 New NBR 17
1865840	ID:14	App: Epoch 2 New NBR 7
1866805	ID:9	App: Epoch 1 New NBR 34
1868027	ID:14	App: Epoch 2 New NBR 16
1868964	ID:9	App: Epoch 1 New NBR 16
1869125	ID:43	App: Epoch 2 New NBR 34
1869125	ID:48	App: Epoch 1 New NBR 34
1870122	ID:14	App: Epoch 2 New NBR 7
1871261	ID:9	App: Epoch 1 New NBR 7
1871273	ID:43	App: Epoch 2 New NBR 16
1872539	ID:14	App: Epoch 2 New NBR 16
1873520	ID:9	App: Epoch 1 New NBR 34
1874003	ID:43	App: Epoch 2 New NBR 17
1874920	ID:14	App: Epoch 2 New NBR 16
1875715	ID:9	App: Epoch 1 New NBR 34
1876564	ID:11	Rime started with address 11.0
1877396	ID:14	App: Epoch 2 New NBR 34
1877819	ID:9	App: Epoch 1 New NBR 17
1878550	ID:43	App: Epoch 2 New NBR 17
1879511	ID:14	App: Epoch 2 New NBR 34
1880654	ID:43	App: Epoch 2 New NBR 17
1881624	ID:14	App: Epoch 2 New NBR 17
1883737	ID:14	App: Epoch 2 New NBR 16
1886000	ID:13	App: Epoch 1 New NBR 34
1886000	ID:40	App: Epoch 1 New NBR 34
1886056	ID:11	MAC 0b:00:00:00:00:00:00:00 Contiki-3.x-3345-g32b5b17f6 started. Node id is set to 11.
1886184	ID:14	App: Epoch 2 New NBR 34
1888527	ID:14	App: Epoch 2 New NBR 16
1890071	ID:6	App: Epoch 1 New NBR 17
1891017	ID:14	App: Epoch 2 New NBR 17
1892025	ID:11	nullsec CSMA nd-rdc, channel check rate 128 Hz, radio channel 26
1892634	ID:6	App: Epoch 1 New NBR 16
1894279	ID:11	Starting 'Application process'
1895280	ID:11	Node ID: 11
1896742	ID:40	App: Epoch 1 New NBR 34
1896743	ID:6	App: Epoch 1 New NBR 34
1896743	ID:13	App: Epoch 1 New NBR 34
1897118	ID:11	RTIMER_SECOND: 32768
1898891	ID:6	App: Epoch 1 New NBR 16
1899744	ID:11	App: Epoch 1 New NBR 17
1901822	ID:11	App: Epoch 1 New NBR 7
1904102	ID:11	App: Epoch 1 New NBR 16
1905274	ID:6	App: Epoch 1 New NBR 16
1905956	ID:34	App: Epoch 1 New NBR 16
1906214	ID:2	App: Epoch 1 New NBR 17
1906549	ID:11	App: Epoch 1 New NBR 34
1908289	ID:34	App: Epoch 1 New NBR 17
1908726	ID:11	App: Epoch 1 New NBR 16
1912619	ID:34	App: Epoch 1 New NBR 17
1914696	ID:34	App: Epoch 1 New NBR 7
1916678	ID:34	App: Epoch 1 New NBR 7
1921809	ID:34	App: Epoch 1 New NBR 17
1929562	ID:38	App: Epoch 1 New NBR 17
1934792	ID:38	App: Epoch 1 New NBR 17
1936905	ID:38	App: Epoch 1 New NBR 17
1938143	ID:45	App: Epoch 1 New NBR 33
1938218	ID:23	App: Epoch 1 New NBR 33
1939010	ID:38	App: Epoch 1 New NBR 33
1941007	ID:50	Rime started with address 50.0
1946230	ID:3	App: Epoch 2 New NBR 28
1946230	ID:12	App: Epoch 1 New NBR 28
1946230	ID:45	App: Epoch 1 New NBR 28
1946323	ID:23	App: Epoch 1 New NBR 28
1948857	ID:45	App: Epoch 1 New NBR 33
1948859	ID:3	App: Epoch 2 New NBR 33
1948937	ID:12	App: Epoch 1 New NBR 33
1949088	ID:23	App: Epoch 1 New NBR 33
1950595	ID:50	MAC 32:00:00:00:00:00:00:00 Contiki-3.x-3345-g32b5b17f6 started. Node id is set to 50.
1953744	ID:3	App: Epoch 2 New NBR 33
1953745	ID:12	App: Epoch 1 New NBR 33
1953747	ID:49	App: Epoch 1 New NBR 33
1953918	ID:23	App: Epoch 1 New NBR 33
1955851	ID:49	App: Epoch 1 New NBR 17
1956563	ID:50	nullsec CSMA nd-rdc, channel check rate 128 Hz, radio channel 26
1957195	ID:3	App: Epoch 2 New NBR 28
1957669	ID:1	App: Epoch 1 finished Num NBR 37
1958098	ID:49	App: Epoch 1 New NBR 17
1958833	ID:50	Starting 'Application process'
1959798	ID:50	Node ID: 50
1960484	ID:49	App: Epoch 1 New NBR 28
1961636	ID:50	RTIMER_SECOND: 32768
1964263	ID:50	App: Epoch 1 New NBR 33
1965504	ID:49	App: Epoch 1 New NBR 33
1966492	ID:50	App: Epoch 1 New NBR 17
1968206	ID:49	App: Epoch 1 New NBR 28
1968739	ID:50	App: Epoch 1 New NBR 17
1969528	ID:21	Rime started with address 21.0
1970459	ID:36	App: Epoch 1 New NBR 28
1971186	ID:50	App: Epoch 1 New NBR 28
1973264	ID:50	App: Epoch 1 New NBR 7
1975623	ID:50	App: Epoch 1 New NBR 7
1976146	ID:36	App: Epoch 1 New NBR 33
1979114	ID:21	MAC 15:00:00:00:00:00:00:00 Contiki-3.x-3345-g32b5b17f6 started. Node id is set to 21.
1980818	ID:36	App: Epoch 1 New NBR 28
1980951	ID:17	App: Epoch 1 New NBR 16
1982957	ID:17	App: Epoch 1 New NBR 7
1983110	ID:14	App: Epoch 2 New NBR 33
1983110	ID:48	App: Epoch 1 New NBR 33
1985125	ID:21	nullsec CSMA nd-rdc, channel check rate 128 Hz, radio channel 26
1985144	ID:17	App: Epoch 1 New NBR 16
1985457	ID:8	Rime started with address 8.0
1987382	ID:21	Starting 'Application process'
1987680	ID:17	App: Epoch 1 New NBR 28
1988345	ID:21	Node ID: 21
1989915	ID:17	App: Epoch 1 New NBR 7
1990182	ID:21	RTIMER_SECOND: 32768
1992155	ID:17	App: Epoch 1 New NBR 33
1992658	ID:21	App: Epoch 1 New NBR 7
1992727	ID:29	Rime started with address 29.0
1994539	ID:17	App: Epoch 1 New NBR 9
1994801	ID:8	MAC 08:00:00:00:00:00:00:00 Contiki-3.x-3345-g32b5b17f6 started. Node id is set to 8.
1994918	ID:21	App: Epoch 1 New NBR 33
1995588	ID:43	App: Epoch 2 New NBR 33
1995589	ID:14	App: Epoch 2 New NBR 33
1995628	ID:48	App: Epoch 1 New NBR 33
1997682	ID:21	App: Epoch 1 New NBR 9
1998490	ID:17	App: Epoch 1 New NBR 33
1998496	ID:43	App: Epoch 2 New NBR 50
1998587	ID:14	App: Epoch 2 New NBR 33
1998656	ID:48	App: Epoch 1 New NBR 50
2000595	ID:17	App: Epoch 1 New NBR 33
2000694	ID:8	nullsec CSMA nd-rdc, channel check rate 128 Hz, radio channel 26
2001779	ID:43	App: Epoch 2 New NBR 50
2002314	ID:29	MAC 1d:00:00:00:00:00:00:00 Contiki-3.x-3345-g32b5b17f6 started. Node id is set to 29.
2002949	ID:8	Starting 'Application process'
2003761	ID:8	Node ID: 8
2003883	ID:43	App: Epoch 2 New NBR 28
2005597	ID:8	RTIMER_SECOND: 32768
2006512	ID:40	App: Epoch 1 finished Num NBR 32
2008223	ID:8	App: Epoch 1 New NBR 33
2008282	ID:29	nullsec CSMA nd-rdc, channel check rate 128 Hz, radio channel 26
2009745	ID:13	App: Epoch 1 New NBR 40
2010301	ID:8	App: Epoch 1 New NBR 7
2010550	ID:29	Starting 'Application process'
2011514	ID:29	Node ID: 29
2011893	ID:13	App: Epoch 1 New NBR 40
2012489	ID:8	App: Epoch 1 New NBR 50
2013352	ID:29	RTIMER_SECOND: 32768
2013830	ID:6	App: Epoch 1 New NBR 50
2013999	ID:13	App: Epoch 1 New NBR 50
2014936	ID:8	App: Epoch 1 New NBR 28
2015976	ID:29	App: Epoch 1 New NBR 28
2017490	ID:8	App: Epoch 1 New NBR 28
2018206	ID:29	App: Epoch 1 New NBR 50
2020453	ID:29	App: Epoch 1 New NBR 40
2021437	ID:39	App: Epoch 1 finished Num NBR 37
2022900	ID:29	App: Epoch 1 New NBR 40
2023790	ID:10	Rime started with address 10.0
2025130	ID:29	App: Epoch 1 New NBR 50
2027119	ID:29	App: Epoch 1 New NBR 7
2031731	ID:2	App: Epoch 1 New NBR 33
2031820	ID:34	App: Epoch 1 New NBR 33
2033284	ID:10	MAC 0a:00:00:00:00:00:00:00 Contiki-3.x-3345-g32b5b17f6 started. Node id is set to 10.
2034117	ID:2	App: Epoch 1 New NBR 28
2034207	ID:34	App: Epoch 1 New NBR 28
2036326	ID:2	App: Epoch 1 New NBR 28
2036416	ID:34	App: Epoch 1 New NBR 28
2038521	ID:2	App: Epoch 1 New NBR 39
2038654	ID:34	App: Epoch 1 New NBR 39
2039252	ID:10	nullsec CSMA nd-rdc, channel check rate 128 Hz, radio channel 26
2040679	ID:2	App: Epoch 1 New NBR 39
2040811	ID:34	App: Epoch 1 New NBR 39
2041506	ID:10	Starting 'Application process'
2042508	ID:10	Node ID: 10
2042836	ID:2	App: Epoch 1 New NBR 46
2042968	ID:34	App: Epoch 1 New NBR 46
2044345	ID:10	RTIMER_SECOND: 32768
2044993	ID:2	App: Epoch 1 New NBR 40
2045125	ID:34	App: Epoch 1 New NBR 40
2046973	ID:10	App: Epoch 1 New NBR 39
2047248	ID:2	App: Epoch 1 New NBR 39
2047470	ID:34	App: Epoch 1 New NBR 39
2049202	ID:10	App: Epoch 1 New NBR 46
2049656	ID:2	App: Epoch 1 New NBR 33
2049814	ID:34	App: Epoch 1 New NBR 33
2051449	ID:10	App: Epoch 1 New NBR 40
2052156	ID:2	App: Epoch 1 New NBR 39
2052314	ID:34	App: Epoch 1 New NBR 39
2053897	ID:10	App: Epoch 1 New NBR 39
2054272	ID:2	App: Epoch 1 New NBR 46
2054464	ID:34	App: Epoch 1 New NBR 46
2056129	ID:10	App: Epoch 1 New NBR 33
2056569	ID:34	App: Epoch 1 New NBR 28
2058019	ID:38	App: Epoch 1 New NBR 46
2058183	ID:10	App: Epoch 1 New NBR 7
2060131	ID:38	App: Epoch 1 New NBR 40
2060201	ID:45	App: Epoch 1 finished Num NBR 21
2060371	ID:10	App: Epoch 1 New NBR 39
2062530	ID:10	App: Epoch 1 New NBR 46
2063389	ID:23	App: Epoch 1 New NBR 45
2063914	ID:33	App: Epoch 1 New NBR 7
2064635	ID:10	App: Epoch 1 New NBR 28
2066327	ID:33	App: Epoch 1 New NBR 7
2067492	ID:23	App: Epoch 1 New NBR 40
2067569	ID:12	App: Epoch 1 New NBR 40
2069321	ID:3	App: Epoch 2 New NBR 45
2070029	ID:33	App: Epoch 1 New NBR 39
2070073	ID:23	App: Epoch 1 New NBR 45
2070126	ID:12	App: Epoch 1 New NBR 45
2071427	ID:3	App: Epoch 2 New NBR 50
2071496	ID:28	App: Epoch 1 New NBR 33
2072051	ID:33	App: Epoch 1 New NBR 7
2072284	ID:12	App: Epoch 1 New NBR 50
2072460	ID:23	App: Epoch 1 New NBR 50
2073883	ID:28	App: Epoch 1 New NBR 33
2074898	ID:33	App: Epoch 1 New NBR 16
2075941	ID:28	App: Epoch 1 New NBR 7
2077055	ID:33	App: Epoch 1 New NBR 40
2077507	ID:23	App: Epoch 1 New NBR 40
2077508	ID:3	App: Epoch 2 New NBR 40
2077508	ID:12	App: Epoch 1 New NBR 40
2077508	ID:49	App: Epoch 1 New NBR 40
2077598	ID:42	App: Epoch 1 New NBR 40
2078194	ID:28	App: Epoch 1 New NBR 50
2079213	ID:33	App: Epoch 1 New NBR 40
2079665	ID:49	App: Epoch 1 New NBR 27
2080368	ID:12	App: Epoch 1 New NBR 50
2080370	ID:3	App: Epoch 2 New NBR 50
2080495	ID:23	App: Epoch 1 New NBR 50
2080730	ID:28	App: Epoch 1 New NBR 50
2080741	ID:42	App: Epoch 1 New NBR 50
2081391	ID:33	App: Epoch 1 New NBR 7
2082291	ID:49	App: Epoch 1 New NBR 50
2082540	ID:3	App: Epoch 2 New NBR 40
2082736	ID:28	App: Epoch 1 New NBR 7
2082788	ID:12	App: Epoch 1 New NBR 40
2082901	ID:42	App: Epoch 1 New NBR 40
2083534	ID:33	App: Epoch 1 New NBR 45
2084677	ID:49	App: Epoch 1 New NBR 40
2084772	ID:28	App: Epoch 1 New NBR 9
2085648	ID:33	App: Epoch 1 New NBR 50
2086195	ID:3	App: Epoch 2 New NBR 46
2086271	ID:42	App: Epoch 1 New NBR 46
2086886	ID:49	App: Epoch 1 New NBR 26
2087540	ID:1	App: Epoch 2 New NBR 28
2087599	ID:28	App: Epoch 1 New NBR 40
2088300	ID:3	App: Epoch 2 New NBR 39
2088429	ID:42	App: Epoch 1 New NBR 39
2089129	ID:33	App: Epoch 1 New NBR 40
2089696	ID:1	App: Epoch 2 New NBR 28
2089800	ID:49	App: Epoch 1 New NBR 46
2089941	ID:28	App: Epoch 1 New NBR 40
2091151	ID:15	App: Epoch 1 New NBR 47
2091242	ID:33	App: Epoch 1 New NBR 40
2091433	ID:42	App: Epoch 1 New NBR 50
2092084	ID:1	App: Epoch 2 New NBR 33
2092107	ID:28	App: Epoch 1 New NBR 27
2092145	ID:49	App: Epoch 1 New NBR 39
2093129	ID:36	App: Epoch 1 New NBR 40
2093355	ID:33	App: Epoch 1 New NBR 27
2093634	ID:15	App: Epoch 1 New NBR 40
2094294	ID:1	App: Epoch 2 New NBR 50
2094378	ID:42	App: Epoch 1 New NBR 47
2094588	ID:28	App: Epoch 1 New NBR 50
2094592	ID:49	App: Epoch 1 New NBR 27
2095463	ID:36	App: Epoch 1 New NBR 47
2095791	ID:15	App: Epoch 1 New NBR 47
2095879	ID:33	App: Epoch 1 New NBR 50
2096476	ID:1	App: Epoch 2 New NBR 50
2096701	ID:28	App: Epoch 1 New NBR 40
2096706	ID:49	App: Epoch 1 New NBR 50
2097151	ID:42	App: Epoch 1 New NBR 47
2097993	ID:33	App: Epoch 1 New NBR 40
2097995	ID:15	App: Epoch 1 New NBR 45
2098482	ID:1	App: Epoch 2 New NBR 7
2098814	ID:28	App: Epoch 1 New NBR 26
2098868	ID:49	App: Epoch 1 New NBR 39
2100097	ID:33	App: Epoch 1 New NBR 26
2100670	ID:1	App: Epoch 2 New NBR 50
2100812	ID:15	App: Epoch 1 New NBR 45
2101643	ID:28	App: Epoch 1 New NBR 46
2101921	ID:49	App: Epoch 1 New NBR 40
2102827	ID:1	App: Epoch 2 New NBR 28
2102969	ID:15	App: Epoch 1 New NBR 50
2103986	ID:28	App: Epoch 1 New NBR 39
2105204	ID:1	App: Epoch 2 New NBR 39
2106340	ID:15	App: Epoch 1 New NBR 47
2106477	ID:28	App: Epoch 1 New NBR 27
2107548	ID:1	App: Epoch 2 New NBR 39
2107772	ID:17	App: Epoch 1 New NBR 9
2108646	ID:15	App: Epoch 1 New NBR 50
2108919	ID:48	App: Epoch 1 New NBR 45
2109713	ID:1	App: Epoch 2 New NBR 46
2109891	ID:14	App: Epoch 2 New NBR 26
2110264	ID:17	App: Epoch 1 New NBR 26
2111119	ID:9	App: Epoch 1 New NBR 50
2111906	ID:1	App: Epoch 2 New NBR 40
2111997	ID:14	App: Epoch 2 New NBR 26
2112460	ID:17	App: Epoch 1 New NBR 26
2112974	ID:48	App: Epoch 1 New NBR 50
2113125	ID:9	App: Epoch 1 New NBR 7
2114020	ID:1	App: Epoch 2 New NBR 39
2114155	ID:14	App: Epoch 2 New NBR 50
2114847	ID:17	App: Epoch 1 New NBR 50
2115313	ID:9	App: Epoch 1 New NBR 50
2116134	ID:1	App: Epoch 2 New NBR 33
2116312	ID:14	App: Epoch 2 New NBR 27
2117013	ID:48	App: Epoch 1 New NBR 50
2117056	ID:17	App: Epoch 1 New NBR 27
2117102	ID:43	App: Epoch 2 New NBR 50
2117496	ID:9	App: Epoch 1 New NBR 28
2118582	ID:1	App: Epoch 2 New NBR 39
2119162	ID:48	App: Epoch 1 New NBR 39
2119289	ID:14	App: Epoch 2 New NBR 39
2119437	ID:43	App: Epoch 2 New NBR 39
2119900	ID:17	App: Epoch 1 New NBR 39
2120377	ID:9	App: Epoch 1 New NBR 39
2121054	ID:1	App: Epoch 2 New NBR 45
2121267	ID:48	App: Epoch 1 New NBR 45
2121594	ID:43	App: Epoch 2 New NBR 45
2121675	ID:14	App: Epoch 2 New NBR 47
2122137	ID:17	App: Epoch 1 New NBR 47
2122910	ID:9	App: Epoch 1 New NBR 45
2123396	ID:1	App: Epoch 2 New NBR 27
2124059	ID:14	App: Epoch 2 New NBR 26
2124176	ID:48	App: Epoch 1 New NBR 47
2124757	ID:17	App: Epoch 1 New NBR 47
2125525	ID:9	App: Epoch 1 New NBR 16
2125562	ID:1	App: Epoch 2 New NBR 50
2126172	ID:14	App: Epoch 2 New NBR 47
2126281	ID:48	App: Epoch 1 New NBR 46
2126317	ID:50	App: Epoch 1 New NBR 46
2126862	ID:17	App: Epoch 1 New NBR 46
2127641	ID:41	Rime started with address 41.0
2127713	ID:1	App: Epoch 2 New NBR 39
2128106	ID:9	App: Epoch 1 New NBR 40
2128284	ID:14	App: Epoch 2 New NBR 46
2128475	ID:50	App: Epoch 1 New NBR 39
2130388	ID:14	App: Epoch 2 New NBR 46
2130494	ID:1	App: Epoch 2 New NBR 40
2130553	ID:9	App: Epoch 1 New NBR 45
2130641	ID:50	App: Epoch 1 New NBR 33
2132608	ID:1	App: Epoch 2 New NBR 46
2132667	ID:9	App: Epoch 1 New NBR 50
2133089	ID:50	App: Epoch 1 New NBR 9
2134721	ID:1	App: Epoch 2 New NBR 45
2134849	ID:40	App: Epoch 2 New NBR 1
2135205	ID:9	App: Epoch 1 New NBR 26
2135277	ID:50	App: Epoch 1 New NBR 39
2136462	ID:13	App: Epoch 1 New NBR 46
2136924	ID:1	App: Epoch 2 New NBR 26
2137036	ID:40	App: Epoch 2 New NBR 28
2137226	ID:41	MAC 29:00:00:00:00:00:00:00 Contiki-3.x-3345-g32b5b17f6 started. Node id is set to 41.
2137454	ID:50	App: Epoch 1 New NBR 46
2137548	ID:9	App: Epoch 1 New NBR 50
2137775	ID:6	App: Epoch 1 New NBR 45
2138566	ID:13	App: Epoch 1 New NBR 45
2139195	ID:40	App: Epoch 2 New NBR 33
2139267	ID:1	App: Epoch 2 New NBR 45
2139624	ID:50	App: Epoch 1 New NBR 45
2139713	ID:9	App: Epoch 1 New NBR 27
2140109	ID:6	App: Epoch 1 New NBR 45
2141352	ID:40	App: Epoch 2 New NBR 46
2141433	ID:1	App: Epoch 2 New NBR 50
2142478	ID:9	App: Epoch 1 New NBR 39
2143193	ID:41	nullsec CSMA nd-rdc, channel check rate 128 Hz, radio channel 26
2143510	ID:40	App: Epoch 2 New NBR 39
2143547	ID:1	App: Epoch 2 New NBR 40
2144591	ID:9	App: Epoch 1 New NBR 45
2145463	ID:41	Starting 'Application process'
2145758	ID:40	App: Epoch 2 New NBR 33
2145994	ID:1	App: Epoch 2 New NBR 47
2146427	ID:41	Node ID: 41
2146704	ID:9	App: Epoch 1 New NBR 26
2148100	ID:1	App: Epoch 2 New NBR 50
2148146	ID:40	App: Epoch 2 New NBR 33
2148264	ID:41	RTIMER_SECOND: 32768
2148908	ID:9	App: Epoch 1 New NBR 47
2149560	ID:39	App: Epoch 2 New NBR 46
2149722	ID:46	App: Epoch 1 New NBR 7
2150715	ID:40	App: Epoch 2 New NBR 50
2150738	ID:41	App: Epoch 1 New NBR 7
2151251	ID:9	App: Epoch 1 New NBR 46
2151665	ID:39	App: Epoch 2 New NBR 47
2152139	ID:46	App: Epoch 1 New NBR 45
2152997	ID:41	App: Epoch 1 New NBR 46
2153416	ID:9	App: Epoch 1 New NBR 26
2153783	ID:39	App: Epoch 2 New NBR 27
2154349	ID:46	App: Epoch 1 New NBR 50
2155243	ID:41	App: Epoch 1 New NBR 45
2155526	ID:40	App: Epoch 2 New NBR 46
2155529	ID:9	App: Epoch 1 New NBR 46
2156358	ID:46	App: Epoch 1 New NBR 7
2157540	ID:41	App: Epoch 1 New NBR 7
2157639	ID:40	App: Epoch 2 New NBR 27
2158394	ID:46	App: Epoch 1 New NBR 9
2160122	ID:41	App: Epoch 1 New NBR 47
2160418	ID:40	App: Epoch 2 New NBR 47
2160429	ID:46	App: Epoch 1 New NBR 9
2162557	ID:40	App: Epoch 2 New NBR 47
2162976	ID:46	App: Epoch 1 New NBR 40
2164900	ID:40	App: Epoch 2 New NBR 27
2165137	ID:46	App: Epoch 1 New NBR 27
2167056	ID:40	App: Epoch 2 New NBR 27
2167436	ID:46	App: Epoch 1 New NBR 9
2169633	ID:46	App: Epoch 1 New NBR 50
2171747	ID:46	App: Epoch 1 New NBR 40
2173860	ID:46	App: Epoch 1 New NBR 26
2176641	ID:46	App: Epoch 1 New NBR 47
2176792	ID:26	App: Epoch 1 New NBR 45
2178754	ID:46	App: Epoch 1 New NBR 27
2179179	ID:26	App: Epoch 1 New NBR 50
2180304	ID:38	App: Epoch 1 New NBR 32
2180958	ID:46	App: Epoch 1 New NBR 27
2181617	ID:26	App: Epoch 1 New NBR 9
2182950	ID:38	App: Epoch 1 New NBR 45
2183302	ID:46	App: Epoch 1 New NBR 32
2183653	ID:26	App: Epoch 1 New NBR 9
2185064	ID:38	App: Epoch 1 New NBR 29
2185467	ID:46	App: Epoch 1 New NBR 45
2185726	ID:26	App: Epoch 1 New NBR 9
2187579	ID:46	App: Epoch 1 New NBR 27
2187913	ID:26	App: Epoch 1 New NBR 40
2188180	ID:45	App: Epoch 2 New NBR 26
2190027	ID:46	App: Epoch 1 New NBR 32
2190069	ID:26	App: Epoch 1 New NBR 46
2192140	ID:46	App: Epoch 1 New NBR 47
2192449	ID:26	App: Epoch 1 New NBR 9
2192727	ID:33	App: Epoch 1 New NBR 47
2194569	ID:46	App: Epoch 1 New NBR 26
2195039	ID:26	App: Epoch 1 New NBR 47
2197205	ID:26	App: Epoch 1 New NBR 50
2197328	ID:46	App: Epoch 1 New NBR 32
2199146	ID:28	App: Epoch 1 New NBR 32
2199149	ID:33	App: Epoch 1 New NBR 25
2200049	ID:26	App: Epoch 1 New NBR 32
2201294	ID:28	App: Epoch 1 New NBR 18
2201298	ID:33	App: Epoch 1 New NBR 18
2201355	ID:42	App: Epoch 1 finished Num NBR 43
2202162	ID:26	App: Epoch 1 New NBR 45
2202470	ID:49	App: Epoch 1 New NBR 47
2202470	ID:3	App: Epoch 2 New NBR 47
2202470	ID:12	App: Epoch 1 New NBR 47
2202471	ID:23	App: Epoch 1 New NBR 47
2203466	ID:28	App: Epoch 1 New NBR 47
2203535	ID:33	App: Epoch 1 New NBR 47
2204275	ID:26	App: Epoch 1 New NBR 27
2204996	ID:3	App: Epoch 2 New NBR 42
2204996	ID:12	App: Epoch 1 New NBR 42
2205153	ID:23	App: Epoch 1 New NBR 42
2205623	ID:28	App: Epoch 1 New NBR 27
2205864	ID:33	App: Epoch 1 New NBR 27
2206723	ID:26	App: Epoch 1 New NBR 32
2207472	ID:3	App: Epoch 2 New NBR 47
2207514	ID:49	App: Epoch 1 New NBR 47
2207629	ID:12	App: Epoch 1 New NBR 47
2207780	ID:28	App: Epoch 1 New NBR 42
2207977	ID:33	App: Epoch 1 New NBR 47
2208835	ID:26	App: Epoch 1 New NBR 47
2210299	ID:28	App: Epoch 1 New NBR 47
2210397	ID:33	App: Epoch 1 New NBR 47
2215201	ID:1	App: Epoch 2 New NBR 42
2215225	ID:49	App: Epoch 1 New NBR 42
2215349	ID:15	App: Epoch 1 finished Num NBR 45
2217967	ID:1	App: Epoch 2 New NBR 32
2218800	ID:36	App: Epoch 1 New NBR 18
2222456	ID:36	App: Epoch 1 New NBR 42
2222514	ID:1	App: Epoch 2 New NBR 42
2224997	ID:1	App: Epoch 2 New NBR 32
2229445	ID:1	App: Epoch 2 New NBR 47
2235356	ID:17	App: Epoch 1 New NBR 47
2235356	ID:48	App: Epoch 1 New NBR 47
2236997	ID:9	App: Epoch 1 New NBR 25
2237551	ID:17	App: Epoch 1 New NBR 25
2237810	ID:14	App: Epoch 2 New NBR 42
2237910	ID:48	App: Epoch 1 New NBR 42
2239154	ID:9	App: Epoch 1 New NBR 42
2239938	ID:17	App: Epoch 1 New NBR 42
2243258	ID:9	App: Epoch 1 New NBR 25
2243649	ID:17	App: Epoch 1 New NBR 25
2249098	ID:9	App: Epoch 1 New NBR 42
2249258	ID:43	App: Epoch 2 New NBR 42
2249270	ID:14	App: Epoch 2 New NBR 42
2249270	ID:48	App: Epoch 1 New NBR 42
2249294	ID:17	App: Epoch 1 New NBR 42
2251336	ID:9	App: Epoch 1 New NBR 32
2251363	ID:43	App: Epoch 2 New NBR 32
2251384	ID:14	App: Epoch 2 New NBR 32
2253970	ID:50	App: Epoch 1 New NBR 18
2256081	ID:50	App: Epoch 1 New NBR 42
2262579	ID:40	App: Epoch 2 New NBR 32
2264827	ID:6	App: Epoch 1 New NBR 18
2264828	ID:40	App: Epoch 2 New NBR 47
2266611	ID:13	App: Epoch 1 New NBR 42
2266975	ID:6	App: Epoch 1 New NBR 42
2266976	ID:40	App: Epoch 2 New NBR 42
2273504	ID:40	App: Epoch 2 New NBR 18
2275615	ID:39	App: Epoch 2 New NBR 25
2275615	ID:46	App: Epoch 1 New NBR 25
2275662	ID:40	App: Epoch 2 New NBR 32
2277569	ID:39	App: Epoch 2 New NBR 8
2277900	ID:40	App: Epoch 2 New NBR 25
2278721	ID:46	App: Epoch 1 New NBR 47
2279551	ID:39	App: Epoch 2 New NBR 5
2281356	ID:46	App: Epoch 1 New NBR 32
2281363	ID:34	App: Epoch 1 New NBR 32
2281438	ID:2	App: Epoch 1 New NBR 32
2281961	ID:39	App: Epoch 2 New NBR 32
2283461	ID:46	App: Epoch 1 New NBR 42
2283697	ID:34	App: Epoch 1 New NBR 42
2283774	ID:2	App: Epoch 1 New NBR 42
2284139	ID:39	App: Epoch 2 New NBR 42
2285872	ID:46	App: Epoch 1 New NBR 42
2285898	ID:34	App: Epoch 1 New NBR 42
2285953	ID:2	App: Epoch 1 New NBR 42
2286324	ID:39	App: Epoch 2 New NBR 42
2288429	ID:39	App: Epoch 2 New NBR 32
2291212	ID:2	App: Epoch 1 New NBR 42
2291212	ID:34	App: Epoch 1 New NBR 42
2291314	ID:46	App: Epoch 1 New NBR 42
2293887	ID:34	App: Epoch 1 New NBR 32
2294874	ID:2	App: Epoch 1 New NBR 42
2296038	ID:34	App: Epoch 1 New NBR 42
2305764	ID:38	App: Epoch 1 New NBR 47
2307869	ID:38	App: Epoch 1 New NBR 32
2314031	ID:23	App: Epoch 1 New NBR 47
2314031	ID:45	App: Epoch 2 New NBR 47
2315667	ID:18	App: Epoch 1 New NBR 32
2315983	ID:45	App: Epoch 2 New NBR 5
2316305	ID:12	App: Epoch 1 finished Num NBR 38
2318013	ID:45	App: Epoch 2 New NBR 8
2318053	ID:18	App: Epoch 1 New NBR 42
2318883	ID:33	App: Epoch 1 New NBR 32
2320262	ID:18	App: Epoch 1 New NBR 42
2323631	ID:18	App: Epoch 1 New NBR 42
2325140	ID:28	App: Epoch 1 New NBR 32
2326166	ID:18	App: Epoch 1 New NBR 32
2327320	ID:28	App: Epoch 1 New NBR 42
2327344	ID:3	App: Epoch 2 New NBR 42
2327344	ID:33	App: Epoch 1 New NBR 42
2327344	ID:49	App: Epoch 1 New NBR 42
2327381	ID:23	App: Epoch 1 New NBR 42
2328323	ID:18	App: Epoch 1 New NBR 42
2329235	ID:42	App: Epoch 2 New NBR 47
2330850	ID:18	App: Epoch 1 New NBR 8
2331391	ID:42	App: Epoch 2 New NBR 25
2331876	ID:28	App: Epoch 1 New NBR 25
2332008	ID:33	App: Epoch 1 New NBR 25
2333611	ID:18	App: Epoch 1 New NBR 32
2333628	ID:42	App: Epoch 2 New NBR 47
2334128	ID:28	App: Epoch 1 New NBR 47
2334239	ID:49	App: Epoch 1 New NBR 47
2334378	ID:3	App: Epoch 2 New NBR 47
2335724	ID:18	App: Epoch 1 New NBR 12
2335785	ID:42	App: Epoch 2 New NBR 25
2336710	ID:49	App: Epoch 1 New NBR 47
2336760	ID:28	App: Epoch 1 New NBR 47
2337942	ID:42	App: Epoch 2 New NBR 18
2338250	ID:1	App: Epoch 2 New NBR 47
2339251	ID:18	App: Epoch 1 New NBR 42
2339312	ID:28	App: Epoch 1 New NBR 32
2340099	ID:42	App: Epoch 2 New NBR 15
2341364	ID:18	App: Epoch 1 New NBR 12
2342636	ID:42	App: Epoch 2 New NBR 32
2343248	ID:15	App: Epoch 2 New NBR 18
2343477	ID:18	App: Epoch 1 New NBR 15
2344046	ID:36	App: Epoch 1 New NBR 32
2345022	ID:42	App: Epoch 2 New NBR 18
2345354	ID:15	App: Epoch 2 New NBR 32
2345581	ID:18	App: Epoch 1 New NBR 25
2347383	ID:42	App: Epoch 2 New NBR 32
2356490	ID:17	App: Epoch 1 New NBR 32
2360970	ID:14	App: Epoch 2 New NBR 47
2360970	ID:17	App: Epoch 1 New NBR 47
2360970	ID:48	App: Epoch 1 New NBR 47
2366276	ID:43	App: Epoch 2 finished Num NBR 23
2367221	ID:9	App: Epoch 1 New NBR 47
2367221	ID:14	App: Epoch 2 New NBR 47
2367221	ID:17	App: Epoch 1 New NBR 47
2367221	ID:48	App: Epoch 1 New NBR 47
2369379	ID:17	App: Epoch 1 New NBR 32
2369469	ID:9	App: Epoch 1 New NBR 32
2369704	ID:48	App: Epoch 1 New NBR 47
2369708	ID:14	App: Epoch 2 New NBR 47
2371535	ID:17	App: Epoch 1 New NBR 47
2371855	ID:9	App: Epoch 1 New NBR 47
2371861	ID:48	App: Epoch 1 New NBR 43
2372094	ID:14	App: Epoch 2 New NBR 43
2373774	ID:17	App: Epoch 1 New NBR 43
2374064	ID:9	App: Epoch 1 New NBR 43
2377987	ID:5	App: Epoch 1 New NBR 32
2380144	ID:5	App: Epoch 1 New NBR 25
2380191	ID:50	App: Epoch 1 New NBR 47
2382150	ID:5	App: Epoch 1 New NBR 8
2383415	ID:13	App: Epoch 1 finished Num NBR 35
2384341	ID:5	App: Epoch 1 New NBR 25
2386727	ID:5	App: Epoch 1 New NBR 25
2387478	ID:6	App: Epoch 1 finished Num NBR 17
2399967	ID:39	App: Epoch 2 New NBR 47
2400324	ID:46	App: Epoch 1 New NBR 32
2402072	ID:39	App: Epoch 2 New NBR 21
2405626	ID:46	App: Epoch 1 New NBR 43
2405782	ID:2	App: Epoch 1 New NBR 47
2410631	ID:34	App: Epoch 1 New NBR 47
2410631	ID:46	App: Epoch 1 New NBR 47
2416342	ID:34	App: Epoch 1 New NBR 43
2416543	ID:46	App: Epoch 1 New NBR 43
2419250	ID:34	App: Epoch 1 New NBR 43
2421445	ID:34	App: Epoch 1 New NBR 43
2427554	ID:26	App: Epoch 1 New NBR 43
2427845	ID:38	App: Epoch 1 finished Num NBR 24
2430953	ID:26	App: Epoch 1 New NBR 38
2433057	ID:26	App: Epoch 1 New NBR 25
2436874	ID:23	App: Epoch 1 finished Num NBR 37
2439985	ID:45	App: Epoch 2 New NBR 23
2439996	ID:18	App: Epoch 1 New NBR 23
2442180	ID:45	App: Epoch 2 New NBR 13
2442598	ID:3	App: Epoch 2 finished Num NBR 40
2444519	ID:12	App: Epoch 2 New NBR 18
2444644	ID:33	App: Epoch 1 New NBR 47
2444689	ID:18	App: Epoch 1 New NBR 47
2446676	ID:12	App: Epoch 2 New NBR 47
2448289	ID:18	App: Epoch 1 New NBR 23
2448914	ID:12	App: Epoch 2 New NBR 32
2449729	ID:28	App: Epoch 1 New NBR 43
2449729	ID:33	App: Epoch 1 New NBR 43
2450823	ID:18	App: Epoch 1 New NBR 43
2451071	ID:12	App: Epoch 2 New NBR 25
2451558	ID:49	App: Epoch 1 New NBR 38
2452213	ID:33	App: Epoch 1 New NBR 38
2453077	ID:12	App: Epoch 2 New NBR 8
2453341	ID:18	App: Epoch 1 New NBR 38
2455264	ID:12	App: Epoch 2 New NBR 21
2457059	ID:42	App: Epoch 2 New NBR 25
2457164	ID:21	App: Epoch 1 New NBR 12
2457527	ID:18	App: Epoch 1 New NBR 25
2457890	ID:12	App: Epoch 2 New NBR 32
2459321	ID:21	App: Epoch 1 New NBR 12
2460277	ID:12	App: Epoch 2 New NBR 32
2461327	ID:21	App: Epoch 1 New NBR 8
2462209	ID:42	App: Epoch 2 New NBR 43
2462209	ID:49	App: Epoch 1 New NBR 43
2462592	ID:12	App: Epoch 2 New NBR 21
2463514	ID:21	App: Epoch 1 New NBR 13
2464706	ID:12	App: Epoch 2 New NBR 43
2465762	ID:21	App: Epoch 1 New NBR 32
2466685	ID:42	App: Epoch 2 New NBR 23
2467153	ID:12	App: Epoch 2 New NBR 43
2467232	ID:1	App: Epoch 2 New NBR 38
2467404	ID:49	App: Epoch 1 New NBR 38
2467876	ID:36	App: Epoch 1 finished Num NBR 21
2468149	ID:21	App: Epoch 1 New NBR 13
2469020	ID:42	App: Epoch 2 New NBR 38
2469272	ID:15	App: Epoch 2 New NBR 25
2469389	ID:1	App: Epoch 2 New NBR 43
2469508	ID:49	App: Epoch 1 New NBR 43
2469601	ID:12	App: Epoch 2 New NBR 23
2470358	ID:21	App: Epoch 1 New NBR 43
2471226	ID:15	App: Epoch 2 New NBR 6
2472047	ID:12	App: Epoch 2 New NBR 43
2472354	ID:1	App: Epoch 2 New NBR 38
2472559	ID:21	App: Epoch 1 New NBR 12
2473209	ID:15	App: Epoch 2 New NBR 8
2474512	ID:1	App: Epoch 2 New NBR 38
2474758	ID:12	App: Epoch 2 New NBR 38
2475158	ID:21	App: Epoch 1 New NBR 25
2477271	ID:21	App: Epoch 1 New NBR 23
2477407	ID:1	App: Epoch 2 New NBR 38
2478189	ID:12	App: Epoch 2 New NBR 25
2479383	ID:21	App: Epoch 1 New NBR 13
2480190	ID:1	App: Epoch 2 New NBR 43
2480331	ID:12	App: Epoch 2 New NBR 23
2481588	ID:21	App: Epoch 1 New NBR 12
2481955	ID:48	App: Epoch 1 finished Num NBR 43
2482182	ID:17	App: Epoch 1 New NBR 47
2482777	ID:12	App: Epoch 2 New NBR 43
2484316	ID:21	App: Epoch 1 New NBR 47
2486763	ID:21	App: Epoch 1 New NBR 23
2486981	ID:9	App: Epoch 1 New NBR 32
2489290	ID:21	App: Epoch 1 New NBR 43
2489540	ID:14	App: Epoch 2 New NBR 38
2489544	ID:9	App: Epoch 1 New NBR 38
2491720	ID:21	App: Epoch 1 New NBR 38
2493656	ID:9	App: Epoch 1 New NBR 32
2494167	ID:21	App: Epoch 1 New NBR 23
2495588	ID:14	App: Epoch 2 New NBR 43
2496140	ID:43	App: Epoch 3 New NBR 47
2496420	ID:9	App: Epoch 1 New NBR 43
2496613	ID:21	App: Epoch 1 New NBR 43
2498172	ID:43	App: Epoch 3 New NBR 3
2500010	ID:21	App: Epoch 1 New NBR 23
2501770	ID:9	App: Epoch 1 New NBR 48
2502124	ID:21	App: Epoch 1 New NBR 38
2504010	ID:5	App: Epoch 1 New NBR 19
2504062	ID:50	App: Epoch 1 New NBR 48
2504236	ID:21	App: Epoch 1 New NBR 43
2504809	ID:9	App: Epoch 1 New NBR 48
2506114	ID:5	App: Epoch 1 New NBR 25
2506167	ID:50	App: Epoch 1 New NBR 25
2506350	ID:21	App: Epoch 1 New NBR 25
2509132	ID:21	App: Epoch 1 New NBR 38
2511180	ID:13	App: Epoch 2 New NBR 21
2511327	ID:40	App: Epoch 2 New NBR 48
2513435	ID:40	App: Epoch 2 New NBR 38
2515439	ID:6	App: Epoch 2 New NBR 32
2517543	ID:6	App: Epoch 2 New NBR 48
2525101	ID:13	App: Epoch 2 New NBR 6
2525144	ID:39	App: Epoch 2 New NBR 23
2525975	ID:46	App: Epoch 1 New NBR 47
2527235	ID:13	App: Epoch 2 New NBR 47
2527248	ID:39	App: Epoch 2 New NBR 47
2528450	ID:46	App: Epoch 1 New NBR 36
2530555	ID:46	App: Epoch 1 New NBR 48
2531043	ID:2	App: Epoch 1 finished Num NBR 35
2532322	ID:34	App: Epoch 1 New NBR 47
2533118	ID:46	App: Epoch 1 New NBR 47
2534523	ID:34	App: Epoch 1 New NBR 38
2535276	ID:46	App: Epoch 1 New NBR 38
2538926	ID:46	App: Epoch 1 New NBR 41
2541391	ID:46	App: Epoch 1 New NBR 38
2557237	ID:26	App: Epoch 1 New NBR 47
2557392	ID:38	App: Epoch 2 New NBR 13
2559465	ID:26	App: Epoch 1 New NBR 23
2559577	ID:38	App: Epoch 2 New NBR 23
2561623	ID:26	App: Epoch 1 New NBR 36
2563780	ID:26	App: Epoch 1 New NBR 41
2564744	ID:23	App: Epoch 2 New NBR 13
2565938	ID:26	App: Epoch 1 New NBR 31
2568717	ID:18	App: Epoch 1 New NBR 41
2568717	ID:33	App: Epoch 1 New NBR 41
2568809	ID:45	App: Epoch 2 New NBR 41
2570115	ID:26	App: Epoch 1 New NBR 41
2570500	ID:12	App: Epoch 2 New NBR 19
2571044	ID:45	App: Epoch 2 New NBR 8
2571058	ID:3	App: Epoch 3 New NBR 23
2572213	ID:18	App: Epoch 1 New NBR 36
2572213	ID:33	App: Epoch 1 New NBR 36
2572214	ID:28	App: Epoch 1 New NBR 36
2572606	ID:12	App: Epoch 2 New NBR 36
2573164	ID:3	App: Epoch 3 New NBR 36
2573283	ID:45	App: Epoch 2 New NBR 19
2573311	ID:23	App: Epoch 2 New NBR 31
2574371	ID:18	App: Epoch 1 New NBR 31
2574548	ID:28	App: Epoch 1 New NBR 31
2574602	ID:33	App: Epoch 1 New NBR 31
2574844	ID:12	App: Epoch 2 New NBR 31
2575263	ID:23	App: Epoch 2 New NBR 8
2575441	ID:45	App: Epoch 2 New NBR 36
2576186	ID:49	App: Epoch 1 New NBR 41
2576908	ID:18	App: Epoch 1 New NBR 48
2577379	ID:12	App: Epoch 2 New NBR 48
2577567	ID:33	App: Epoch 1 New NBR 41
2577598	ID:45	App: Epoch 2 New NBR 31
2579065	ID:18	App: Epoch 1 New NBR 41
2579536	ID:12	App: Epoch 2 New NBR 41
2580225	ID:42	App: Epoch 2 New NBR 19
2580262	ID:45	App: Epoch 2 New NBR 48
2582375	ID:45	App: Epoch 2 New NBR 41
2582521	ID:21	App: Epoch 1 New NBR 31
2582826	ID:18	App: Epoch 1 New NBR 31
2583097	ID:12	App: Epoch 2 New NBR 31
2584679	ID:21	App: Epoch 1 New NBR 36
2585142	ID:45	App: Epoch 2 New NBR 19
2585307	ID:12	App: Epoch 2 New NBR 36
2586985	ID:49	App: Epoch 1 New NBR 41
2587520	ID:21	App: Epoch 1 New NBR 41
2588291	ID:12	App: Epoch 2 New NBR 41
2590045	ID:21	App: Epoch 1 New NBR 41
2590110	ID:1	App: Epoch 2 New NBR 41
2594564	ID:15	App: Epoch 2 New NBR 24
2595624	ID:36	App: Epoch 2 New NBR 6
2596304	ID:21	App: Epoch 1 New NBR 31
2596669	ID:15	App: Epoch 2 New NBR 19
2597760	ID:36	App: Epoch 2 New NBR 31
2598232	ID:1	App: Epoch 2 New NBR 48
2598629	ID:21	App: Epoch 1 New NBR 31
2599865	ID:36	App: Epoch 2 New NBR 48
2600807	ID:21	App: Epoch 1 New NBR 48
2607717	ID:17	App: Epoch 1 New NBR 31
2610462	ID:14	App: Epoch 2 New NBR 48
2612704	ID:48	App: Epoch 2 New NBR 47
2614940	ID:48	App: Epoch 2 New NBR 19
2617098	ID:48	App: Epoch 2 New NBR 36
2618523	ID:14	App: Epoch 2 New NBR 41
2618629	ID:9	App: Epoch 1 New NBR 41
2619256	ID:48	App: Epoch 2 New NBR 38
2621640	ID:48	App: Epoch 2 New NBR 8
2621954	ID:43	App: Epoch 3 New NBR 8
2624058	ID:48	App: Epoch 2 New NBR 31
2625912	ID:43	App: Epoch 3 New NBR 24
2627212	ID:48	App: Epoch 2 New NBR 8
2628167	ID:43	App: Epoch 3 New NBR 8
2629619	ID:48	App: Epoch 2 New NBR 47
2631732	ID:48	App: Epoch 2 New NBR 23
2631737	ID:5	App: Epoch 1 New NBR 41
2631800	ID:50	App: Epoch 1 New NBR 41
2633846	ID:48	App: Epoch 2 New NBR 36
2635454	ID:50	App: Epoch 1 New NBR 19
2635630	ID:5	App: Epoch 1 New NBR 19
2635959	ID:48	App: Epoch 2 New NBR 41
2637944	ID:13	App: Epoch 2 New NBR 4
2638164	ID:48	App: Epoch 2 New NBR 31
2639928	ID:13	App: Epoch 2 New NBR 4
2640679	ID:6	App: Epoch 2 New NBR 8
2640874	ID:48	App: Epoch 2 New NBR 19
2641440	ID:50	App: Epoch 1 New NBR 19
2641935	ID:13	App: Epoch 2 New NBR 8
2642810	ID:40	App: Epoch 2 New NBR 41
2642813	ID:6	App: Epoch 2 New NBR 19
2642987	ID:48	App: Epoch 2 New NBR 41
2643699	ID:50	App: Epoch 1 New NBR 31
2644914	ID:40	App: Epoch 2 New NBR 24
2645137	ID:48	App: Epoch 2 New NBR 24
2646200	ID:41	App: Epoch 1 New NBR 24
2647250	ID:48	App: Epoch 2 New NBR 24
2648358	ID:41	App: Epoch 1 New NBR 31
2649680	ID:48	App: Epoch 2 New NBR 31
2650516	ID:41	App: Epoch 1 New NBR 36
2651800	ID:48	App: Epoch 2 New NBR 31
2653050	ID:41	App: Epoch 1 New NBR 24
2653542	ID:39	App: Epoch 2 New NBR 24
2654208	ID:48	App: Epoch 2 New NBR 31
2655146	ID:41	App: Epoch 1 New NBR 8
2655876	ID:39	App: Epoch 2 New NBR 24
2656374	ID:48	App: Epoch 2 New NBR 31
2657564	ID:41	App: Epoch 1 New NBR 31
2657918	ID:34	App: Epoch 1 New NBR 31
2658716	ID:2	App: Epoch 2 New NBR 8
2659774	ID:41	App: Epoch 1 New NBR 31
2660154	ID:48	App: Epoch 2 New NBR 41
2660848	ID:34	App: Epoch 1 New NBR 31
2662011	ID:41	App: Epoch 1 New NBR 48
2664273	ID:41	App: Epoch 1 New NBR 19
2666386	ID:41	App: Epoch 1 New NBR 24
2668846	ID:41	App: Epoch 1 New NBR 31
2671973	ID:41	App: Epoch 1 New NBR 24
2674421	ID:41	App: Epoch 1 New NBR 31
2676536	ID:41	App: Epoch 1 New NBR 31
2679064	ID:41	App: Epoch 1 New NBR 31
2683199	ID:38	App: Epoch 2 New NBR 4
2685261	ID:38	App: Epoch 2 New NBR 8
2689860	ID:45	App: Epoch 2 New NBR 24
2690796	ID:23	App: Epoch 2 New NBR 8
2693613	ID:23	App: Epoch 2 New NBR 24
2693614	ID:45	App: Epoch 2 New NBR 24
2695719	ID:23	App: Epoch 2 New NBR 24
2695955	ID:45	App: Epoch 2 New NBR 24
2697043	ID:3	App: Epoch 3 New NBR 8
2697901	ID:23	App: Epoch 2 New NBR 8
2700140	ID:49	App: Epoch 1 finished Num NBR 42
2700832	ID:3	App: Epoch 3 New NBR 44
2700832	ID:12	App: Epoch 2 New NBR 44
2700832	ID:18	App: Epoch 1 New NBR 44
2700832	ID:23	App: Epoch 2 New NBR 44
2700832	ID:28	App: Epoch 1 New NBR 44
2700832	ID:33	App: Epoch 1 New NBR 44
2700956	ID:45	App: Epoch 2 New NBR 44
2702977	ID:3	App: Epoch 3 New NBR 31
2702977	ID:12	App: Epoch 2 New NBR 31
2702977	ID:18	App: Epoch 1 New NBR 31
2703057	ID:23	App: Epoch 2 New NBR 31
2703062	ID:45	App: Epoch 2 New NBR 31
2703646	ID:24	App: Epoch 1 New NBR 8
2703748	ID:33	App: Epoch 1 New NBR 49
2705681	ID:24	App: Epoch 1 New NBR 4
2707429	ID:28	App: Epoch 1 New NBR 49
2707431	ID:42	App: Epoch 2 New NBR 49
2707448	ID:3	App: Epoch 3 New NBR 49
2707476	ID:12	App: Epoch 2 New NBR 49
2707541	ID:23	App: Epoch 2 New NBR 49
2707603	ID:18	App: Epoch 1 New NBR 49
2707625	ID:33	App: Epoch 1 New NBR 49
2707797	ID:24	App: Epoch 1 New NBR 2
2709631	ID:3	App: Epoch 3 New NBR 8
2709984	ID:24	App: Epoch 1 New NBR 41
2710302	ID:21	App: Epoch 1 New NBR 44
2710304	ID:28	App: Epoch 1 New NBR 44
2710339	ID:42	App: Epoch 2 New NBR 44
2711817	ID:3	App: Epoch 3 New NBR 44
2711990	ID:24	App: Epoch 1 New NBR 4
2714112	ID:42	App: Epoch 2 New NBR 49
2714123	ID:1	App: Epoch 2 New NBR 49
2714202	ID:21	App: Epoch 1 New NBR 49
2714285	ID:28	App: Epoch 1 New NBR 49
2714553	ID:24	App: Epoch 1 New NBR 19
2718011	ID:24	App: Epoch 1 New NBR 8
2719414	ID:1	App: Epoch 2 New NBR 44
2719414	ID:15	App: Epoch 2 New NBR 44
2719414	ID:21	App: Epoch 1 New NBR 44
2719414	ID:42	App: Epoch 2 New NBR 44
2720373	ID:24	App: Epoch 1 New NBR 19
2721223	ID:36	App: Epoch 2 New NBR 31
2722517	ID:24	App: Epoch 1 New NBR 31
2723175	ID:36	App: Epoch 2 New NBR 8
2725001	ID:24	App: Epoch 1 New NBR 16
2725609	ID:21	App: Epoch 1 New NBR 49
2727449	ID:24	App: Epoch 1 New NBR 31
2729896	ID:24	App: Epoch 1 New NBR 49
2732100	ID:24	App: Epoch 1 New NBR 49
2732667	ID:14	App: Epoch 2 finished Num NBR 40
2734573	ID:4	App: Epoch 1 New NBR 8
2735478	ID:24	App: Epoch 1 New NBR 49
2735658	ID:17	App: Epoch 1 New NBR 31
2736981	ID:4	App: Epoch 1 New NBR 14
2737328	ID:9	App: Epoch 1 New NBR 44
2737763	ID:17	App: Epoch 1 New NBR 44
2737925	ID:24	App: Epoch 1 New NBR 44
2739190	ID:4	App: Epoch 1 New NBR 44
2739811	ID:9	App: Epoch 1 New NBR 49
2740374	ID:24	App: Epoch 1 New NBR 31
2741352	ID:4	App: Epoch 1 New NBR 11
2741916	ID:9	App: Epoch 1 New NBR 49
2743508	ID:4	App: Epoch 1 New NBR 49
2745665	ID:4	App: Epoch 1 New NBR 49
2746657	ID:43	App: Epoch 3 New NBR 37
2747823	ID:4	App: Epoch 1 New NBR 31
2748811	ID:9	App: Epoch 1 New NBR 49
2748840	ID:43	App: Epoch 3 New NBR 49
2750547	ID:4	App: Epoch 1 New NBR 11
2751385	ID:43	App: Epoch 3 New NBR 44
2751444	ID:9	App: Epoch 1 New NBR 44
2752891	ID:4	App: Epoch 1 New NBR 37
2753489	ID:43	App: Epoch 3 New NBR 11
2755057	ID:4	App: Epoch 1 New NBR 37
2755215	ID:5	App: Epoch 1 New NBR 14
2755594	ID:43	App: Epoch 3 New NBR 14
2757166	ID:50	App: Epoch 1 New NBR 44
2757171	ID:4	App: Epoch 1 New NBR 49
2757319	ID:5	App: Epoch 1 New NBR 44
2757783	ID:43	App: Epoch 3 New NBR 44
2759591	ID:4	App: Epoch 1 New NBR 44
2760821	ID:5	App: Epoch 1 New NBR 49
2760821	ID:40	App: Epoch 2 New NBR 49
2760821	ID:43	App: Epoch 3 New NBR 49
2760821	ID:50	App: Epoch 1 New NBR 49
2763877	ID:13	App: Epoch 2 New NBR 11
2766072	ID:13	App: Epoch 2 New NBR 11
2766531	ID:6	App: Epoch 2 New NBR 44
2766532	ID:5	App: Epoch 1 New NBR 44
2766533	ID:50	App: Epoch 1 New NBR 44
2766628	ID:40	App: Epoch 2 New NBR 49
2768406	ID:13	App: Epoch 2 New NBR 44
2768637	ID:5	App: Epoch 1 New NBR 44
2768637	ID:6	App: Epoch 2 New NBR 44
2768731	ID:40	App: Epoch 2 New NBR 44
2768796	ID:50	App: Epoch 1 New NBR 44
2770810	ID:5	App: Epoch 1 New NBR 37
2772914	ID:5	App: Epoch 1 New NBR 44
2772993	ID:6	App: Epoch 2 New NBR 14
2775789	ID:6	App: Epoch 2 New NBR 11
2777893	ID:6	App: Epoch 2 New NBR 11
2777942	ID:39	App: Epoch 2 New NBR 49
2777942	ID:41	App: Epoch 1 New NBR 49
2777942	ID:46	App: Epoch 1 New NBR 49
2778088	ID:40	App: Epoch 2 New NBR 49
2780885	ID:34	App: Epoch 1 finished Num NBR 32
2781393	ID:39	App: Epoch 2 New NBR 44
2781394	ID:46	App: Epoch 1 New NBR 44
2781395	ID:41	App: Epoch 1 New NBR 44
2783499	ID:39	App: Epoch 2 New NBR 37
2783553	ID:41	App: Epoch 1 New NBR 37
2785255	ID:2	App: Epoch 2 New NBR 34
2786100	ID:41	App: Epoch 1 New NBR 34
2787360	ID:2	App: Epoch 2 New NBR 37
2788354	ID:41	App: Epoch 1 New NBR 37
2789396	ID:46	App: Epoch 1 New NBR 49
2790793	ID:41	App: Epoch 1 New NBR 49
2805595	ID:26	App: Epoch 1 New NBR 44
2808229	ID:26	App: Epoch 1 New NBR 49
2808273	ID:38	App: Epoch 2 New NBR 37
2810305	ID:38	App: Epoch 2 New NBR 7
2813975	ID:45	App: Epoch 2 New NBR 37
2815134	ID:18	App: Epoch 1 New NBR 34
2816133	ID:45	App: Epoch 2 New NBR 34
2819058	ID:18	App: Epoch 1 New NBR 34
2819058	ID:23	App: Epoch 2 New NBR 34
2819132	ID:45	App: Epoch 2 New NBR 34
2820161	ID:12	App: Epoch 2 New NBR 49
2820161	ID:33	App: Epoch 1 New NBR 49
2821215	ID:18	App: Epoch 1 New NBR 49
2821253	ID:23	App: Epoch 2 New NBR 49
2821519	ID:45	App: Epoch 2 New NBR 49
2822318	ID:12	App: Epoch 2 New NBR 44
2822408	ID:33	App: Epoch 1 New NBR 44
2822652	ID:44	App: Epoch 1 New NBR 37
2823452	ID:18	App: Epoch 1 New NBR 44
2823628	ID:3	App: Epoch 3 New NBR 11
2823727	ID:45	App: Epoch 2 New NBR 44
2825040	ID:44	App: Epoch 1 New NBR 34
2825733	ID:3	App: Epoch 3 New NBR 16
2826460	ID:12	App: Epoch 2 New NBR 49
2826460	ID:28	App: Epoch 1 New NBR 49
2826460	ID:33	App: Epoch 1 New NBR 49
2826690	ID:18	App: Epoch 1 New NBR 49
2827089	ID:45	App: Epoch 2 New NBR 49
2827098	ID:44	App: Epoch 1 New NBR 7
2827838	ID:3	App: Epoch 3 New NBR 49
2828234	ID:49	App: Epoch 2 New NBR 31
2829285	ID:44	App: Epoch 1 New NBR 34
2830240	ID:49	App: Epoch 2 New NBR 8
2831444	ID:44	App: Epoch 1 New NBR 49
2832494	ID:49	App: Epoch 2 New NBR 14
2833486	ID:24	App: Epoch 1 New NBR 30
2833556	ID:42	App: Epoch 2 New NBR 30
2833601	ID:44	App: Epoch 1 New NBR 11
2834881	ID:49	App: Epoch 2 New NBR 44
2835758	ID:44	App: Epoch 1 New NBR 16
2837089	ID:49	App: Epoch 2 New NBR 11
2838005	ID:44	App: Epoch 1 New NBR 49
2839246	ID:49	App: Epoch 2 New NBR 14
2840458	ID:44	App: Epoch 1 New NBR 11
2841192	ID:24	App: Epoch 1 New NBR 37
2841302	ID:21	App: Epoch 1 New NBR 37
2841403	ID:49	App: Epoch 2 New NBR 14
2842939	ID:44	App: Epoch 1 New NBR 14
2843560	ID:49	App: Epoch 2 New NBR 30
2844233	ID:15	App: Epoch 2 New NBR 30
2844997	ID:21	App: Epoch 1 New NBR 37
2844997	ID:24	App: Epoch 1 New NBR 37
2845053	ID:44	App: Epoch 1 New NBR 30
2845890	ID:49	App: Epoch 2 New NBR 14
2846280	ID:36	App: Epoch 2 New NBR 25
2846338	ID:15	App: Epoch 2 New NBR 37
2847167	ID:44	App: Epoch 1 New NBR 14
2847302	ID:24	App: Epoch 1 New NBR 25
2848093	ID:49	App: Epoch 2 New NBR 16
2848277	ID:36	App: Epoch 2 New NBR 7
2849280	ID:44	App: Epoch 1 New NBR 16
2850436	ID:49	App: Epoch 2 New NBR 11
2850455	ID:36	App: Epoch 2 New NBR 30
2852052	ID:44	App: Epoch 1 New NBR 37
2852559	ID:36	App: Epoch 2 New NBR 37
2852601	ID:49	App: Epoch 2 New NBR 11
2854715	ID:49	App: Epoch 2 New NBR 37
2856339	ID:17	App: Epoch 1 finished Num NBR 33
2857161	ID:49	App: Epoch 2 New NBR 14
2859275	ID:49	App: Epoch 2 New NBR 37
2860577	ID:14	App: Epoch 3 New NBR 49
2861380	ID:49	App: Epoch 2 New NBR 25
2862211	ID:4	App: Epoch 1 New NBR 37
2862733	ID:14	App: Epoch 3 New NBR 11
2863884	ID:48	App: Epoch 2 New NBR 34
2864360	ID:4	App: Epoch 1 New NBR 34
2864890	ID:14	App: Epoch 3 New NBR 11
2867047	ID:14	App: Epoch 3 New NBR 49
2867814	ID:4	App: Epoch 1 New NBR 17
2869294	ID:14	App: Epoch 3 New NBR 44
2869920	ID:4	App: Epoch 1 New NBR 37
2871682	ID:14	App: Epoch 3 New NBR 37
2872078	ID:4	App: Epoch 1 New NBR 34
2872143	ID:43	App: Epoch 3 New NBR 30
2873368	ID:37	App: Epoch 1 New NBR 44
2873894	ID:14	App: Epoch 3 New NBR 34
2874237	ID:4	App: Epoch 1 New NBR 30
2874266	ID:43	App: Epoch 3 New NBR 34
2876053	ID:14	App: Epoch 3 New NBR 11
2876710	ID:4	App: Epoch 1 New NBR 34
2878719	ID:5	App: Epoch 1 New NBR 17
2878719	ID:43	App: Epoch 3 New NBR 17
2878766	ID:14	App: Epoch 3 New NBR 17
2880881	ID:14	App: Epoch 3 New NBR 37
2882995	ID:14	App: Epoch 3 New NBR 34
2883401	ID:5	App: Epoch 1 New NBR 17
2883412	ID:43	App: Epoch 3 New NBR 17
2885194	ID:14	App: Epoch 3 New NBR 30
2885569	ID:43	App: Epoch 3 New NBR 17
2887538	ID:14	App: Epoch 3 New NBR 34
2887801	ID:13	App: Epoch 2 New NBR 30
2887898	ID:43	App: Epoch 3 New NBR 17
2889765	ID:50	App: Epoch 1 New NBR 34
2889841	ID:40	App: Epoch 2 New NBR 34
2889907	ID:13	App: Epoch 2 New NBR 34
2890011	ID:43	App: Epoch 3 New NBR 30
2890362	ID:14	App: Epoch 3 New NBR 17
2890500	ID:37	App: Epoch 1 New NBR 11
2892019	ID:13	App: Epoch 2 New NBR 11
2892117	ID:43	App: Epoch 3 New NBR 34
2892986	ID:6	App: Epoch 2 New NBR 11
2895134	ID:6	App: Epoch 2 New NBR 17
2898298	ID:6	App: Epoch 2 New NBR 11
2899070	ID:41	App: Epoch 1 New NBR 30
2899072	ID:40	App: Epoch 2 New NBR 30
2900447	ID:6	App: Epoch 2 New NBR 30
2900800	ID:39	App: Epoch 2 New NBR 34
2901177	ID:40	App: Epoch 2 New NBR 34
2901228	ID:41	App: Epoch 1 New NBR 34
2902643	ID:6	App: Epoch 2 New NBR 34
2904809	ID:41	App: Epoch 1 New NBR 30
2907143	ID:41	App: Epoch 1 New NBR 30
2909264	ID:2	App: Epoch 2 New NBR 7
2909353	ID:41	App: Epoch 1 New NBR 34
2909557	ID:34	App: Epoch 2 New NBR 44
2911398	ID:2	App: Epoch 2 New NBR 17
2911563	ID:34	App: Epoch 2 New NBR 7
2913819	ID:34	App: Epoch 2 New NBR 11
2915977	ID:34	App: Epoch 2 New NBR 37
2917985	ID:34	App: Epoch 2 New NBR 7
2920172	ID:34	App: Epoch 2 New NBR 11
2922414	ID:34	App: Epoch 2 New NBR 14
2924800	ID:34	App: Epoch 2 New NBR 11
2927182	ID:34	App: Epoch 2 New NBR 32
2929375	ID:34	App: Epoch 2 New NBR 44
2931822	ID:34	App: Epoch 2 New NBR 11
2933357	ID:26	App: Epoch 1 New NBR 30
2933359	ID:38	App: Epoch 2 New NBR 30
2933936	ID:34	App: Epoch 2 New NBR 16
2935391	ID:38	App: Epoch 2 New NBR 7
2935868	ID:26	App: Epoch 1 New NBR 30
2936049	ID:34	App: Epoch 2 New NBR 49
2938869	ID:34	App: Epoch 2 New NBR 37
2939449	ID:33	App: Epoch 1 finished Num NBR 39
2940244	ID:23	App: Epoch 2 New NBR 17
2940982	ID:34	App: Epoch 2 New NBR 25
2941157	ID:26	App: Epoch 1 New NBR 30
2941159	ID:45	App: Epoch 2 New NBR 30
2942349	ID:23	App: Epoch 2 New NBR 30
2942562	ID:18	App: Epoch 1 New NBR 33
2943095	ID:34	App: Epoch 2 New NBR 17
2943276	ID:26	App: Epoch 1 New NBR 33
2943288	ID:45	App: Epoch 2 New NBR 33
2945209	ID:34	App: Epoch 2 New NBR 17
2945666	ID:45	App: Epoch 2 New NBR 30
2945783	ID:26	App: Epoch 1 New NBR 30
2946125	ID:28	App: Epoch 1 finished Num NBR 36
2947323	ID:34	App: Epoch 2 New NBR 30
2949236	ID:45	App: Epoch 2 New NBR 28
2949316	ID:3	App: Epoch 3 New NBR 28
2949328	ID:44	App: Epoch 1 New NBR 28
2950439	ID:34	App: Epoch 2 New NBR 30
2951393	ID:45	App: Epoch 2 New NBR 30
2951421	ID:3	App: Epoch 3 New NBR 30
2951715	ID:44	App: Epoch 1 New NBR 30
2953237	ID:34	App: Epoch 2 New NBR 30
2953406	ID:12	App: Epoch 2 New NBR 32
2953876	ID:45	App: Epoch 2 New NBR 32
2954250	ID:44	App: Epoch 1 New NBR 32
2960569	ID:49	App: Epoch 2 New NBR 17
2961983	ID:44	App: Epoch 1 New NBR 33
2961985	ID:24	App: Epoch 1 New NBR 33
2961985	ID:42	App: Epoch 2 New NBR 33
2962223	ID:12	App: Epoch 2 New NBR 33
2962675	ID:49	App: Epoch 2 New NBR 33
2962917	ID:1	App: Epoch 2 finished Num NBR 44
2965504	ID:42	App: Epoch 2 New NBR 30
2965527	ID:49	App: Epoch 2 New NBR 30
2965546	ID:24	App: Epoch 1 New NBR 30
2965636	ID:44	App: Epoch 1 New NBR 30
2970224	ID:15	App: Epoch 2 New NBR 33
2971013	ID:49	App: Epoch 2 New NBR 28
2971044	ID:24	App: Epoch 1 New NBR 28
2971121	ID:42	App: Epoch 2 New NBR 28
2972328	ID:15	App: Epoch 2 New NBR 28
2974397	ID:36	App: Epoch 2 New NBR 28
2976546	ID:36	App: Epoch 2 New NBR 11
2978695	ID:36	App: Epoch 2 New NBR 30
2980801	ID:36	App: Epoch 2 New NBR 33
2985073	ID:17	App: Epoch 2 New NBR 30
2985303	ID:4	App: Epoch 1 New NBR 25
2985364	ID:36	App: Epoch 2 New NBR 25
2986503	ID:9	App: Epoch 1 finished Num NBR 41
2987134	ID:17	App: Epoch 2 New NBR 7
2987572	ID:14	App: Epoch 3 New NBR 33
2987685	ID:4	App: Epoch 1 New NBR 33
2987729	ID:36	App: Epoch 2 New NBR 33
2989341	ID:48	App: Epoch 2 New NBR 30
2989586	ID:17	App: Epoch 2 New NBR 30
2989721	ID:14	App: Epoch 3 New NBR 30
2989834	ID:36	App: Epoch 2 New NBR 30
2989843	ID:4	App: Epoch 1 New NBR 30
2991795	ID:17	App: Epoch 2 New NBR 28
2993953	ID:17	App: Epoch 2 New NBR 30
2996109	ID:17	App: Epoch 2 New NBR 11
2997611	ID:4	App: Epoch 1 New NBR 30
2997613	ID:14	App: Epoch 3 New NBR 30
2997613	ID:43	App: Epoch 3 New NBR 30
2998267	ID:17	App: Epoch 2 New NBR 33
3000014	ID:37	App: Epoch 1 New NBR 33
3000104	ID:14	App: Epoch 3 New NBR 33
3000146	ID:4	App: Epoch 1 New NBR 33
3000220	ID:43	App: Epoch 3 New NBR 33
3000425	ID:17	App: Epoch 2 New NBR 33
3001703	ID:50	App: Epoch 1 finished Num NBR 21
3002127	ID:37	App: Epoch 1 New NBR 11
3002744	ID:17	App: Epoch 2 New NBR 30
3004309	ID:37	App: Epoch 1 New NBR 7
3004814	ID:5	App: Epoch 1 New NBR 50
3004814	ID:43	App: Epoch 3 New NBR 50
3005537	ID:17	App: Epoch 2 New NBR 11
3007650	ID:17	App: Epoch 2 New NBR 28
3008098	ID:43	App: Epoch 3 New NBR 50
3008362	ID:5	App: Epoch 1 New NBR 30
3010387	ID:40	App: Epoch 2 finished Num NBR 31
3011126	ID:5	App: Epoch 1 New NBR 28
3011143	ID:43	App: Epoch 3 New NBR 28
3012735	ID:13	App: Epoch 2 New NBR 33
3013931	ID:43	App: Epoch 3 New NBR 33
3014839	ID:13	App: Epoch 2 New NBR 40
3016044	ID:43	App: Epoch 3 New NBR 40
3017736	ID:6	App: Epoch 2 New NBR 30
3018149	ID:43	App: Epoch 3 New NBR 50
3021010	ID:6	App: Epoch 2 New NBR 50
3022908	ID:41	App: Epoch 1 New NBR 30
3023548	ID:6	App: Epoch 2 New NBR 30
3024915	ID:39	App: Epoch 2 finished Num NBR 20
3025230	ID:46	App: Epoch 1 finished Num NBR 42
3028023	ID:6	App: Epoch 2 New NBR 39
3028025	ID:41	App: Epoch 1 New NBR 39
3030276	ID:41	App: Epoch 1 New NBR 33
3030410	ID:6	App: Epoch 2 New NBR 33
3032663	ID:41	App: Epoch 1 New NBR 33
3032685	ID:6	App: Epoch 2 New NBR 33
3034440	ID:2	App: Epoch 2 New NBR 7
3034799	ID:6	App: Epoch 2 New NBR 33
3034820	ID:41	App: Epoch 1 New NBR 33
3038692	ID:2	App: Epoch 2 New NBR 39
3052135	ID:26	App: Epoch 1 finished Num NBR 31
3058107	ID:38	App: Epoch 2 New NBR 28
3060292	ID:38	App: Epoch 2 New NBR 50
3063620	ID:45	App: Epoch 2 finished Num NBR 31
3066793	ID:23	App: Epoch 2 New NBR 30
3066864	ID:18	App: Epoch 1 New NBR 45
3068489	ID:33	App: Epoch 2 New NBR 7
3070196	ID:12	App: Epoch 2 New NBR 40
3070766	ID:33	App: Epoch 2 New NBR 11
3072300	ID:12	App: Epoch 2 New NBR 40
3073152	ID:33	App: Epoch 2 New NBR 28
3073333	ID:44	App: Epoch 1 New NBR 39
3073408	ID:3	App: Epoch 3 New NBR 39
3074318	ID:28	App: Epoch 2 New NBR 30
3075556	ID:3	App: Epoch 3 New NBR 46
3075702	ID:44	App: Epoch 1 New NBR 46
3078566	ID:3	App: Epoch 3 New NBR 50
3078618	ID:44	App: Epoch 1 New NBR 50
3079919	ID:24	App: Epoch 1 New NBR 40
3079919	ID:42	App: Epoch 2 New NBR 40
3079919	ID:49	App: Epoch 2 New NBR 40
3081168	ID:44	App: Epoch 1 New NBR 40
3082024	ID:24	App: Epoch 1 New NBR 40
3082024	ID:42	App: Epoch 2 New NBR 40
3082024	ID:49	App: Epoch 2 New NBR 40
3083273	ID:44	App: Epoch 1 New NBR 40
3084411	ID:28	App: Epoch 2 New NBR 11
3086065	ID:21	App: Epoch 1 New NBR 46
3086065	ID:24	App: Epoch 1 New NBR 46
3086606	ID:28	App: Epoch 2 New NBR 40
3088549	ID:21	App: Epoch 1 New NBR 50
3088549	ID:24	App: Epoch 1 New NBR 50
3091102	ID:24	App: Epoch 1 New NBR 46
3091396	ID:21	App: Epoch 1 New NBR 46
3091513	ID:1	App: Epoch 3 New NBR 7
3093605	ID:21	App: Epoch 1 New NBR 45
3093839	ID:15	App: Epoch 2 New NBR 39
3093920	ID:24	App: Epoch 1 New NBR 50
3095763	ID:21	App: Epoch 1 New NBR 50
3095943	ID:15	App: Epoch 2 New NBR 26
3096144	ID:24	App: Epoch 1 New NBR 39
3096885	ID:36	App: Epoch 2 New NBR 40
3098915	ID:24	App: Epoch 1 New NBR 40
3099608	ID:21	App: Epoch 1 New NBR 50
3101722	ID:21	App: Epoch 1 New NBR 50
3101915	ID:1	App: Epoch 3 New NBR 17
3104111	ID:1	App: Epoch 3 New NBR 39
3110760	ID:4	App: Epoch 1 New NBR 46
3111649	ID:14	App: Epoch 3 New NBR 39
3112866	ID:4	App: Epoch 1 New NBR 39
3113290	ID:48	App: Epoch 2 New NBR 50
3115396	ID:48	App: Epoch 2 New NBR 32
3115634	ID:9	App: Epoch 2 New NBR 11
3117729	ID:9	App: Epoch 2 New NBR 7
3119776	ID:14	App: Epoch 3 New NBR 50
3120576	ID:9	App: Epoch 2 New NBR 11
3121609	ID:43	App: Epoch 3 New NBR 39
3122164	ID:14	App: Epoch 3 New NBR 50
3122734	ID:9	App: Epoch 2 New NBR 50
3123773	ID:43	App: Epoch 3 New NBR 30
3124376	ID:14	App: Epoch 3 New NBR 39
3125115	ID:37	App: Epoch 1 New NBR 26
3125270	ID:9	App: Epoch 2 New NBR 50
3125930	ID:43	App: Epoch 3 New NBR 46
3126534	ID:14	App: Epoch 3 New NBR 30
3127274	ID:37	App: Epoch 1 New NBR 40
3128824	ID:43	App: Epoch 3 New NBR 40
3128869	ID:14	App: Epoch 3 New NBR 46
3130654	ID:5	App: Epoch 1 New NBR 47
3131298	ID:14	App: Epoch 3 New NBR 26
3132477	ID:43	App: Epoch 3 New NBR 47
3132803	ID:5	App: Epoch 1 New NBR 30
3133411	ID:14	App: Epoch 3 New NBR 40
3134395	ID:50	App: Epoch 2 New NBR 30
3136375	ID:43	App: Epoch 3 New NBR 45
3136499	ID:50	App: Epoch 2 New NBR 11
3137211	ID:13	App: Epoch 2 New NBR 47
3138573	ID:43	App: Epoch 3 New NBR 47
3140314	ID:13	App: Epoch 2 New NBR 30
3142508	ID:13	App: Epoch 2 New NBR 45
3145972	ID:10	App: Epoch 1 New NBR 11
3148868	ID:6	App: Epoch 2 New NBR 45
3148868	ID:41	App: Epoch 1 New NBR 45
3150972	ID:41	App: Epoch 1 New NBR 47
3151025	ID:6	App: Epoch 2 New NBR 47
3153272	ID:6	App: Epoch 2 New NBR 46
3153421	ID:39	App: Epoch 3 New NBR 28
3155659	ID:6	App: Epoch 2 New NBR 30
3155814	ID:46	App: Epoch 2 New NBR 28
3157972	ID:46	App: Epoch 2 New NBR 33
3158041	ID:6	App: Epoch 2 New NBR 39
3159823	ID:2	App: Epoch 2 New NBR 45
3160130	ID:46	App: Epoch 2 New NBR 33
3160823	ID:6	App: Epoch 2 New NBR 30
3162135	ID:46	App: Epoch 2 New NBR 9
3162242	ID:10	App: Epoch 1 New NBR 30
3162266	ID:2	App: Epoch 2 New NBR 47
3162268	ID:34	App: Epoch 2 New NBR 47
3164334	ID:46	App: Epoch 2 New NBR 11
3166062	ID:2	App: Epoch 2 New NBR 11
3166569	ID:46	App: Epoch 2 New NBR 7
3169682	ID:2	App: Epoch 2 New NBR 26
3169684	ID:34	App: Epoch 2 New NBR 26
3170635	ID:46	App: Epoch 2 New NBR 45
3172710	ID:2	App: Epoch 2 New NBR 11
3172858	ID:46	App: Epoch 2 New NBR 47
3173456	ID:34	App: Epoch 2 New NBR 45
3174962	ID:46	App: Epoch 2 New NBR 11
3175044	ID:2	App: Epoch 2 New NBR 45
3177624	ID:34	App: Epoch 2 New NBR 45
3177666	ID:2	App: Epoch 2 New NBR 45
3180297	ID:26	App: Epoch 2 New NBR 40
3186610	ID:38	App: Epoch 2 New NBR 45
3188715	ID:38	App: Epoch 2 New NBR 47
3189474	ID:18	App: Epoch 1 finished Num NBR 35
3190298	ID:23	App: Epoch 2 New NBR 30
3190854	ID:38	App: Epoch 2 New NBR 30
3191896	ID:45	App: Epoch 3 New NBR 39
3192632	ID:23	App: Epoch 2 New NBR 18
3192963	ID:38	App: Epoch 2 New NBR 18
3194143	ID:45	App: Epoch 3 New NBR 46
3194737	ID:23	App: Epoch 2 New NBR 47
3195341	ID:38	App: Epoch 2 New NBR 47
3196530	ID:45	App: Epoch 3 New NBR 10
3197116	ID:23	App: Epoch 2 New NBR 30
3197132	ID:3	App: Epoch 3 New NBR 30
3197136	ID:33	App: Epoch 2 New NBR 30
3197498	ID:38	App: Epoch 2 New NBR 30
3198587	ID:45	App: Epoch 3 New NBR 9
3199802	ID:23	App: Epoch 2 New NBR 47
3199802	ID:28	App: Epoch 2 New NBR 47
3199802	ID:33	App: Epoch 2 New NBR 47
3199802	ID:44	App: Epoch 1 New NBR 47
3199804	ID:3	App: Epoch 3 New NBR 47
3199880	ID:12	App: Epoch 2 New NBR 47
3200151	ID:38	App: Epoch 2 New NBR 47
3200855	ID:45	App: Epoch 3 New NBR 50
3202861	ID:45	App: Epoch 3 New NBR 9
3203463	ID:3	App: Epoch 3 New NBR 18
3203470	ID:28	App: Epoch 2 New NBR 18
3203543	ID:33	App: Epoch 2 New NBR 18
3204620	ID:42	App: Epoch 2 finished Num NBR 24
3205048	ID:45	App: Epoch 3 New NBR 40
3206057	ID:23	App: Epoch 2 New NBR 47
3206057	ID:28	App: Epoch 2 New NBR 47
3206057	ID:33	App: Epoch 2 New NBR 47
3206057	ID:49	App: Epoch 2 New NBR 47
3206067	ID:3	App: Epoch 3 New NBR 47
3206096	ID:44	App: Epoch 1 New NBR 47
3206135	ID:12	App: Epoch 2 New NBR 47
3207205	ID:45	App: Epoch 3 New NBR 40
3208162	ID:28	App: Epoch 2 New NBR 42
3208162	ID:33	App: Epoch 2 New NBR 42
3208201	ID:44	App: Epoch 1 New NBR 42
3208238	ID:49	App: Epoch 2 New NBR 42
3208379	ID:23	App: Epoch 2 New NBR 42
3208467	ID:3	App: Epoch 3 New NBR 42
3208469	ID:12	App: Epoch 2 New NBR 42
3209428	ID:45	App: Epoch 3 New NBR 9
3210311	ID:28	App: Epoch 2 New NBR 30
3210350	ID:44	App: Epoch 1 New NBR 30
3210507	ID:33	App: Epoch 2 New NBR 30
3210585	ID:49	App: Epoch 2 New NBR 30
3210625	ID:3	App: Epoch 3 New NBR 30
3212316	ID:21	App: Epoch 1 New NBR 47
3212402	ID:12	App: Epoch 2 New NBR 47
3212455	ID:44	App: Epoch 1 New NBR 47
3212507	ID:28	App: Epoch 2 New NBR 47
3212741	ID:49	App: Epoch 2 New NBR 47
3212969	ID:3	App: Epoch 3 New NBR 47
3214840	ID:28	App: Epoch 2 New NBR 18
3218366	ID:1	App: Epoch 3 New NBR 42
3218615	ID:15	App: Epoch 2 finished Num NBR 14
3221738	ID:1	App: Epoch 3 New NBR 15
3223104	ID:36	App: Epoch 2 New NBR 30
3223844	ID:1	App: Epoch 3 New NBR 30
3224959	ID:21	App: Epoch 1 New NBR 47
3225287	ID:36	App: Epoch 2 New NBR 47
3225949	ID:1	App: Epoch 3 New NBR 47
3227435	ID:36	App: Epoch 2 New NBR 42
3229584	ID:36	App: Epoch 2 New NBR 30
3234711	ID:36	App: Epoch 2 New NBR 22
3235646	ID:17	App: Epoch 2 New NBR 30
3235667	ID:4	App: Epoch 1 New NBR 30
3237039	ID:14	App: Epoch 3 New NBR 47
3237046	ID:36	App: Epoch 2 New NBR 30
3237750	ID:17	App: Epoch 2 New NBR 47
3237772	ID:4	App: Epoch 1 New NBR 47
3241420	ID:9	App: Epoch 2 New NBR 42
3241420	ID:14	App: Epoch 3 New NBR 42
3241420	ID:48	App: Epoch 2 New NBR 42
3243655	ID:9	App: Epoch 2 New NBR 18
3245989	ID:9	App: Epoch 2 New NBR 15
3248146	ID:9	App: Epoch 2 New NBR 15
3249247	ID:37	App: Epoch 1 New NBR 22
3252406	ID:43	App: Epoch 3 New NBR 42
3252406	ID:48	App: Epoch 2 New NBR 42
3252496	ID:37	App: Epoch 1 New NBR 42
3252635	ID:14	App: Epoch 3 New NBR 42
3253372	ID:5	App: Epoch 1 finished Num NBR 23
3254707	ID:48	App: Epoch 2 New NBR 30
3254831	ID:37	App: Epoch 1 New NBR 30
3255807	ID:43	App: Epoch 3 New NBR 47
3260671	ID:50	App: Epoch 2 New NBR 30
3262363	ID:13	App: Epoch 2 New NBR 47
3262363	ID:43	App: Epoch 3 New NBR 47
3262775	ID:50	App: Epoch 2 New NBR 15
3264740	ID:40	App: Epoch 3 New NBR 5
3266962	ID:40	App: Epoch 3 New NBR 30
3266970	ID:6	App: Epoch 2 New NBR 30
3266994	ID:13	App: Epoch 2 New NBR 30
3269112	ID:40	App: Epoch 3 New NBR 18
3270125	ID:13	App: Epoch 2 New NBR 42
3270128	ID:6	App: Epoch 2 New NBR 42
3271216	ID:40	App: Epoch 3 New NBR 42
3271667	ID:10	App: Epoch 1 New NBR 15
3273183	ID:6	App: Epoch 2 New NBR 30
3273183	ID:13	App: Epoch 2 New NBR 30
3273773	ID:10	App: Epoch 1 New NBR 30
3274576	ID:41	App: Epoch 1 New NBR 47
3275331	ID:6	App: Epoch 2 New NBR 47
3275401	ID:13	App: Epoch 2 New NBR 47
3275885	ID:10	App: Epoch 1 New NBR 47
3279439	ID:10	App: Epoch 1 New NBR 30
3279461	ID:39	App: Epoch 3 New NBR 30
3279572	ID:13	App: Epoch 2 New NBR 30
3281795	ID:39	App: Epoch 3 New NBR 16
3284119	ID:10	App: Epoch 1 New NBR 22
3286635	ID:2	App: Epoch 2 New NBR 42
3286635	ID:34	App: Epoch 2 New NBR 42
3286645	ID:41	App: Epoch 1 New NBR 42
3288784	ID:2	App: Epoch 2 New NBR 47
3288820	ID:34	App: Epoch 2 New NBR 47
3288965	ID:41	App: Epoch 1 New NBR 47
3290888	ID:2	App: Epoch 2 New NBR 42
3290924	ID:34	App: Epoch 2 New NBR 42
3291070	ID:41	App: Epoch 1 New NBR 42
3306157	ID:26	App: Epoch 2 New NBR 47
3308261	ID:26	App: Epoch 2 New NBR 20
3310720	ID:38	App: Epoch 2 New NBR 30
3312823	ID:38	App: Epoch 2 New NBR 47
3317361	ID:18	App: Epoch 2 New NBR 15
3318528	ID:23	App: Epoch 2 New NBR 42
3319885	ID:33	App: Epoch 2 New NBR 20
3319885	ID:38	App: Epoch 2 New NBR 20
3319906	ID:12	App: Epoch 2 finished Num NBR 39
3323369	ID:33	App: Epoch 2 New NBR 15
3324925	ID:28	App: Epoch 2 New NBR 47
3324925	ID:44	App: Epoch 1 New NBR 47
3325005	ID:3	App: Epoch 3 New NBR 47
3325177	ID:38	App: Epoch 2 New NBR 47
3325473	ID:33	App: Epoch 2 New NBR 47
3330909	ID:24	App: Epoch 1 New NBR 42
3330909	ID:49	App: Epoch 2 New NBR 42
3330989	ID:44	App: Epoch 1 New NBR 42
3332448	ID:42	App: Epoch 3 New NBR 18
3332501	ID:21	App: Epoch 1 finished Num NBR 45
3333535	ID:18	App: Epoch 2 New NBR 30
3335682	ID:49	App: Epoch 2 New NBR 30
3335853	ID:18	App: Epoch 2 New NBR 20
3337180	ID:24	App: Epoch 1 New NBR 47
3337180	ID:44	App: Epoch 1 New NBR 47
3337830	ID:49	App: Epoch 2 New NBR 47
3343694	ID:1	App: Epoch 3 New NBR 47
3343694	ID:24	App: Epoch 1 New NBR 47
3343694	ID:49	App: Epoch 2 New NBR 47
3345851	ID:1	App: Epoch 3 New NBR 15
3346442	ID:15	App: Epoch 3 New NBR 18
3348035	ID:1	App: Epoch 3 New NBR 20
3349980	ID:36	App: Epoch 2 New NBR 47
3354151	ID:36	App: Epoch 2 New NBR 30
3359599	ID:20	App: Epoch 1 New NBR 42
3360964	ID:17	App: Epoch 2 New NBR 22
3361932	ID:20	App: Epoch 1 New NBR 22
3362462	ID:4	App: Epoch 1 New NBR 47
3362499	ID:14	App: Epoch 3 New NBR 47
3363159	ID:17	App: Epoch 2 New NBR 47
3364088	ID:20	App: Epoch 1 New NBR 47
3367220	ID:9	App: Epoch 2 New NBR 22
3367220	ID:17	App: Epoch 2 New NBR 22
3369414	ID:9	App: Epoch 2 New NBR 12
3371465	ID:43	App: Epoch 3 finished Num NBR 38
3373519	ID:17	App: Epoch 2 New NBR 22
3374619	ID:37	App: Epoch 1 New NBR 43
3374717	ID:14	App: Epoch 3 New NBR 47
3374810	ID:4	App: Epoch 1 New NBR 47
3375676	ID:17	App: Epoch 2 New NBR 47
3376783	ID:37	App: Epoch 1 New NBR 43
3376821	ID:14	App: Epoch 3 New NBR 43
3377346	ID:4	App: Epoch 1 New NBR 43
3377988	ID:17	App: Epoch 2 New NBR 43
3385615	ID:50	App: Epoch 2 New NBR 21
3385960	ID:5	App: Epoch 2 New NBR 25
3386618	ID:13	App: Epoch 2 finished Num NBR 23
3390806	ID:6	App: Epoch 2 finished Num NBR 31
3392054	ID:40	App: Epoch 3 New NBR 21
3394202	ID:40	App: Epoch 3 New NBR 47
3396174	ID:40	App: Epoch 3 New NBR 8
3398280	ID:10	App: Epoch 1 New NBR 21
3399999	ID:41	App: Epoch 1 New NBR 47
3400428	ID:10	App: Epoch 1 New NBR 47
3403700	ID:39	App: Epoch 3 New NBR 6
3404457	ID:10	App: Epoch 1 New NBR 22
3404603	ID:5	App: Epoch 2 New NBR 15
3406064	ID:39	App: Epoch 3 New NBR 22
3406270	ID:46	App: Epoch 2 New NBR 47
3406561	ID:10	App: Epoch 1 New NBR 21
3410513	ID:2	App: Epoch 2 New NBR 43
3410513	ID:34	App: Epoch 2 New NBR 43
3410513	ID:41	App: Epoch 1 New NBR 43
3410513	ID:46	App: Epoch 2 New NBR 43
3416196	ID:46	App: Epoch 2 New NBR 13
3417012	ID:2	App: Epoch 2 New NBR 22
3418351	ID:46	App: Epoch 2 New NBR 22
3421843	ID:46	App: Epoch 2 New NBR 43
3421850	ID:34	App: Epoch 2 New NBR 43
3421921	ID:2	App: Epoch 2 New NBR 43
3424255	ID:2	App: Epoch 2 New NBR 21
3424486	ID:46	App: Epoch 2 New NBR 22
3431026	ID:26	App: Epoch 2 New NBR 43
3432759	ID:38	App: Epoch 2 finished Num NBR 21
3433174	ID:26	App: Epoch 2 New NBR 21
3435316	ID:26	App: Epoch 2 New NBR 16
3440139	ID:23	App: Epoch 2 finished Num NBR 23
3442474	ID:45	App: Epoch 3 New NBR 21
3446382	ID:3	App: Epoch 3 finished Num NBR 24
3448148	ID:12	App: Epoch 3 New NBR 15
3449340	ID:18	App: Epoch 2 New NBR 3
3452385	ID:28	App: Epoch 2 New NBR 21
3452385	ID:33	App: Epoch 2 New NBR 21
3452387	ID:18	App: Epoch 2 New NBR 21
3452387	ID:45	App: Epoch 3 New NBR 21
3453312	ID:44	App: Epoch 1 New NBR 38
3454527	ID:33	App: Epoch 2 New NBR 38
3454545	ID:45	App: Epoch 3 New NBR 38
3454623	ID:28	App: Epoch 2 New NBR 38
3454636	ID:18	App: Epoch 2 New NBR 38
3456203	ID:24	App: Epoch 1 New NBR 43
3456203	ID:49	App: Epoch 2 New NBR 43
3456641	ID:44	App: Epoch 1 New NBR 43
3456871	ID:18	App: Epoch 2 New NBR 7
3457080	ID:45	App: Epoch 3 New NBR 22
3457158	ID:28	App: Epoch 2 New NBR 22
3458308	ID:24	App: Epoch 1 New NBR 38
3458380	ID:49	App: Epoch 2 New NBR 38
3458799	ID:44	App: Epoch 1 New NBR 38
3459282	ID:18	App: Epoch 2 New NBR 22
3459425	ID:45	App: Epoch 3 New NBR 13
3459692	ID:28	App: Epoch 2 New NBR 43
3460533	ID:21	App: Epoch 2 New NBR 20
3460587	ID:42	App: Epoch 3 New NBR 6
3461395	ID:18	App: Epoch 2 New NBR 13
3461767	ID:45	App: Epoch 3 New NBR 43
3461849	ID:28	App: Epoch 2 New NBR 38
3462539	ID:21	App: Epoch 2 New NBR 5
3462721	ID:42	App: Epoch 3 New NBR 25
3462724	ID:44	App: Epoch 1 New NBR 43
3462725	ID:49	App: Epoch 2 New NBR 43
3463508	ID:18	App: Epoch 2 New NBR 43
3463933	ID:45	App: Epoch 3 New NBR 38
3464666	ID:28	App: Epoch 2 New NBR 38
3464780	ID:2